Copyright 1986-2018 Xilinx, Inc. All Rights Reserved.
--------------------------------------------------------------------------------------------------------------------------------------------------------
| Tool Version : Vivado v.2018.1 (win64) Build 2188600 Wed Apr  4 18:40:38 MDT 2018
| Date         : Wed Dec 22 15:03:05 2021
| Host         : DESKTOP-5DABIT8 running 64-bit major release  (build 9200)
| Command      : report_methodology -file system_methodology_drc_routed.rpt -pb system_methodology_drc_routed.pb -rpx system_methodology_drc_routed.rpx
| Design       : system
| Device       : xc7a200tfbg484-1
| Speed File   : -1
| Design State : Routed
--------------------------------------------------------------------------------------------------------------------------------------------------------

Report Methodology

Table of Contents
-----------------
1. REPORT SUMMARY
2. REPORT DETAILS

1. REPORT SUMMARY
-----------------
            Netlist: netlist
          Floorplan: design_1
      Design limits: <entire design considered>
             Max violations: <unlimited>
             Violations found: 289
+-----------+----------+------------------------------------------------------+------------+
| Rule      | Severity | Description                                          | Violations |
+-----------+----------+------------------------------------------------------+------------+
| LUTAR-1   | Warning  | LUT drives async reset alert                         | 4          |
| SYNTH-15  | Warning  | Byte wide write enable not inferred                  | 32         |
| SYNTH-16  | Warning  | Address collision                                    | 32         |
| TIMING-6  | Warning  | No common primary clock between related clocks       | 2          |
| TIMING-7  | Warning  | No common node between related clocks                | 2          |
| TIMING-8  | Warning  | No common period between related clocks              | 2          |
| TIMING-17 | Warning  | Non-clocked sequential cell                          | 185        |
| TIMING-18 | Warning  | Missing input or output delay                        | 5          |
| TIMING-20 | Warning  | Non-clocked latch                                    | 24         |
| XDCC-4    | Warning  | User Clock constraint overwritten with the same name | 1          |
+-----------+----------+------------------------------------------------------+------------+

2. REPORT DETAILS
-----------------
LUTAR-1#1 Warning
LUT drives async reset alert  
LUT cell dut/u_e203_subsys_top/u_sirv_aon_top/u_sirv_aon_wrapper/u_sirv_aon/u_sirv_pmu/AsyncResetRegVec_1_1/reg_3/q_i_1, with 2 or more inputs, drives asynchronous reset pin(s) dut/u_e203_subsys_top/u_sirv_aon_top/u_sirv_aon_wrapper/ResetCatchAndSync_1_1/reset_n_catch_reg/reg_0/q_reg/CLR, dut/u_e203_subsys_top/u_sirv_aon_top/u_sirv_aon_wrapper/ResetCatchAndSync_1_1/reset_n_catch_reg/reg_2/q_reg/CLR, dut/u_e203_subsys_top/u_sirv_aon_top/u_sirv_aon_wrapper/ResetCatchAndSync_1_1/reset_n_catch_reg/reg_1/q_reg/CLR. The LUT may glitch and trigger an unexpected reset, even if it is a properly timed path.
Related violations: <none>

LUTAR-1#2 Warning
LUT drives async reset alert  
LUT cell dut/u_e203_subsys_top/u_sirv_aon_top/u_sirv_aon_wrapper/u_sirv_aon/u_sirv_pmu/erst_reset_r_i_1, with 2 or more inputs, drives asynchronous reset pin(s) dut/u_e203_subsys_top/u_sirv_aon_top/u_sirv_aon_wrapper/u_sirv_aon/u_sirv_pmu/erst_reset_r_r_reg/PRE, dut/u_e203_subsys_top/u_sirv_aon_top/u_sirv_aon_wrapper/u_sirv_aon/u_sirv_pmu/erst_reset_r_reg/PRE. The LUT may glitch and trigger an unexpected reset, even if it is a properly timed path.
Related violations: <none>

LUTAR-1#3 Warning
LUT drives async reset alert  
LUT cell dut/u_e203_subsys_top/u_sirv_aon_top/u_sirv_aon_wrapper/u_sirv_aon/wdog/AsyncResetRegVec_6_1/reg_0/q_i_1__0, with 2 or more inputs, drives asynchronous reset pin(s) dut/u_e203_subsys_top/u_sirv_aon_top/u_sirv_aon_wrapper/aonrst_catch/reset_n_catch_reg/reg_0/q_reg/CLR, dut/u_e203_subsys_top/u_sirv_aon_top/u_sirv_aon_wrapper/aonrst_catch/reset_n_catch_reg/reg_2/q_reg/CLR, dut/u_e203_subsys_top/u_sirv_aon_top/u_sirv_aon_wrapper/aonrst_catch/reset_n_catch_reg/reg_1/q_reg/CLR. The LUT may glitch and trigger an unexpected reset, even if it is a properly timed path.
Related violations: <none>

LUTAR-1#4 Warning
LUT drives async reset alert  
LUT cell ip_mmcm_i_1, with 2 or more inputs, drives asynchronous reset pin(s) ip_mmcm/inst/mmcm_adv_inst/RST. The LUT may glitch and trigger an unexpected reset, even if it is a properly timed path.
Related violations: <none>

SYNTH-15#1 Warning
Byte wide write enable not inferred  
Byte wide write enable (BWWE) is not inferred for Block RAM dut/u_e203_subsys_top/u_e203_subsys_main/u_e203_cpu_top/u_e203_srams/u_e203_dtcm_ram/u_e203_dtcm_gnrl_ram/u_sirv_sim_ram/mem[1].non_last.mem_r_reg_0_0 because address width (14) is more than optimal threshold of 12. Implementing using BWWE will require more logic and timing would be suboptimal.
Related violations: <none>

SYNTH-15#2 Warning
Byte wide write enable not inferred  
Byte wide write enable (BWWE) is not inferred for Block RAM dut/u_e203_subsys_top/u_e203_subsys_main/u_e203_cpu_top/u_e203_srams/u_e203_dtcm_ram/u_e203_dtcm_gnrl_ram/u_sirv_sim_ram/mem[1].non_last.mem_r_reg_0_1 because address width (14) is more than optimal threshold of 12. Implementing using BWWE will require more logic and timing would be suboptimal.
Related violations: <none>

SYNTH-15#3 Warning
Byte wide write enable not inferred  
Byte wide write enable (BWWE) is not inferred for Block RAM dut/u_e203_subsys_top/u_e203_subsys_main/u_e203_cpu_top/u_e203_srams/u_e203_dtcm_ram/u_e203_dtcm_gnrl_ram/u_sirv_sim_ram/mem[1].non_last.mem_r_reg_0_2 because address width (14) is more than optimal threshold of 12. Implementing using BWWE will require more logic and timing would be suboptimal.
Related violations: <none>

SYNTH-15#4 Warning
Byte wide write enable not inferred  
Byte wide write enable (BWWE) is not inferred for Block RAM dut/u_e203_subsys_top/u_e203_subsys_main/u_e203_cpu_top/u_e203_srams/u_e203_dtcm_ram/u_e203_dtcm_gnrl_ram/u_sirv_sim_ram/mem[1].non_last.mem_r_reg_0_3 because address width (14) is more than optimal threshold of 12. Implementing using BWWE will require more logic and timing would be suboptimal.
Related violations: <none>

SYNTH-15#5 Warning
Byte wide write enable not inferred  
Byte wide write enable (BWWE) is not inferred for Block RAM dut/u_e203_subsys_top/u_e203_subsys_main/u_e203_cpu_top/u_e203_srams/u_e203_dtcm_ram/u_e203_dtcm_gnrl_ram/u_sirv_sim_ram/mem[1].non_last.mem_r_reg_1_0 because address width (14) is more than optimal threshold of 12. Implementing using BWWE will require more logic and timing would be suboptimal.
Related violations: <none>

SYNTH-15#6 Warning
Byte wide write enable not inferred  
Byte wide write enable (BWWE) is not inferred for Block RAM dut/u_e203_subsys_top/u_e203_subsys_main/u_e203_cpu_top/u_e203_srams/u_e203_dtcm_ram/u_e203_dtcm_gnrl_ram/u_sirv_sim_ram/mem[1].non_last.mem_r_reg_1_1 because address width (14) is more than optimal threshold of 12. Implementing using BWWE will require more logic and timing would be suboptimal.
Related violations: <none>

SYNTH-15#7 Warning
Byte wide write enable not inferred  
Byte wide write enable (BWWE) is not inferred for Block RAM dut/u_e203_subsys_top/u_e203_subsys_main/u_e203_cpu_top/u_e203_srams/u_e203_dtcm_ram/u_e203_dtcm_gnrl_ram/u_sirv_sim_ram/mem[1].non_last.mem_r_reg_1_2 because address width (14) is more than optimal threshold of 12. Implementing using BWWE will require more logic and timing would be suboptimal.
Related violations: <none>

SYNTH-15#8 Warning
Byte wide write enable not inferred  
Byte wide write enable (BWWE) is not inferred for Block RAM dut/u_e203_subsys_top/u_e203_subsys_main/u_e203_cpu_top/u_e203_srams/u_e203_dtcm_ram/u_e203_dtcm_gnrl_ram/u_sirv_sim_ram/mem[1].non_last.mem_r_reg_1_3 because address width (14) is more than optimal threshold of 12. Implementing using BWWE will require more logic and timing would be suboptimal.
Related violations: <none>

SYNTH-15#9 Warning
Byte wide write enable not inferred  
Byte wide write enable (BWWE) is not inferred for Block RAM dut/u_e203_subsys_top/u_e203_subsys_main/u_e203_cpu_top/u_e203_srams/u_e203_dtcm_ram/u_e203_dtcm_gnrl_ram/u_sirv_sim_ram/mem[1].non_last.mem_r_reg_2_0 because address width (14) is more than optimal threshold of 12. Implementing using BWWE will require more logic and timing would be suboptimal.
Related violations: <none>

SYNTH-15#10 Warning
Byte wide write enable not inferred  
Byte wide write enable (BWWE) is not inferred for Block RAM dut/u_e203_subsys_top/u_e203_subsys_main/u_e203_cpu_top/u_e203_srams/u_e203_dtcm_ram/u_e203_dtcm_gnrl_ram/u_sirv_sim_ram/mem[1].non_last.mem_r_reg_2_1 because address width (14) is more than optimal threshold of 12. Implementing using BWWE will require more logic and timing would be suboptimal.
Related violations: <none>

SYNTH-15#11 Warning
Byte wide write enable not inferred  
Byte wide write enable (BWWE) is not inferred for Block RAM dut/u_e203_subsys_top/u_e203_subsys_main/u_e203_cpu_top/u_e203_srams/u_e203_dtcm_ram/u_e203_dtcm_gnrl_ram/u_sirv_sim_ram/mem[1].non_last.mem_r_reg_2_2 because address width (14) is more than optimal threshold of 12. Implementing using BWWE will require more logic and timing would be suboptimal.
Related violations: <none>

SYNTH-15#12 Warning
Byte wide write enable not inferred  
Byte wide write enable (BWWE) is not inferred for Block RAM dut/u_e203_subsys_top/u_e203_subsys_main/u_e203_cpu_top/u_e203_srams/u_e203_dtcm_ram/u_e203_dtcm_gnrl_ram/u_sirv_sim_ram/mem[1].non_last.mem_r_reg_2_3 because address width (14) is more than optimal threshold of 12. Implementing using BWWE will require more logic and timing would be suboptimal.
Related violations: <none>

SYNTH-15#13 Warning
Byte wide write enable not inferred  
Byte wide write enable (BWWE) is not inferred for Block RAM dut/u_e203_subsys_top/u_e203_subsys_main/u_e203_cpu_top/u_e203_srams/u_e203_dtcm_ram/u_e203_dtcm_gnrl_ram/u_sirv_sim_ram/mem[1].non_last.mem_r_reg_3_0 because address width (14) is more than optimal threshold of 12. Implementing using BWWE will require more logic and timing would be suboptimal.
Related violations: <none>

SYNTH-15#14 Warning
Byte wide write enable not inferred  
Byte wide write enable (BWWE) is not inferred for Block RAM dut/u_e203_subsys_top/u_e203_subsys_main/u_e203_cpu_top/u_e203_srams/u_e203_dtcm_ram/u_e203_dtcm_gnrl_ram/u_sirv_sim_ram/mem[1].non_last.mem_r_reg_3_1 because address width (14) is more than optimal threshold of 12. Implementing using BWWE will require more logic and timing would be suboptimal.
Related violations: <none>

SYNTH-15#15 Warning
Byte wide write enable not inferred  
Byte wide write enable (BWWE) is not inferred for Block RAM dut/u_e203_subsys_top/u_e203_subsys_main/u_e203_cpu_top/u_e203_srams/u_e203_dtcm_ram/u_e203_dtcm_gnrl_ram/u_sirv_sim_ram/mem[1].non_last.mem_r_reg_3_2 because address width (14) is more than optimal threshold of 12. Implementing using BWWE will require more logic and timing would be suboptimal.
Related violations: <none>

SYNTH-15#16 Warning
Byte wide write enable not inferred  
Byte wide write enable (BWWE) is not inferred for Block RAM dut/u_e203_subsys_top/u_e203_subsys_main/u_e203_cpu_top/u_e203_srams/u_e203_dtcm_ram/u_e203_dtcm_gnrl_ram/u_sirv_sim_ram/mem[1].non_last.mem_r_reg_3_3 because address width (14) is more than optimal threshold of 12. Implementing using BWWE will require more logic and timing would be suboptimal.
Related violations: <none>

SYNTH-15#17 Warning
Byte wide write enable not inferred  
Byte wide write enable (BWWE) is not inferred for Block RAM dut/u_e203_subsys_top/u_e203_subsys_main/u_e203_cpu_top/u_e203_srams/u_e203_itcm_ram/u_e203_itcm_gnrl_ram/u_sirv_sim_ram/mem[1].non_last.mem_r_reg_0_0 because address width (13) is more than optimal threshold of 12. Implementing using BWWE will require more logic and timing would be suboptimal.
Related violations: <none>

SYNTH-15#18 Warning
Byte wide write enable not inferred  
Byte wide write enable (BWWE) is not inferred for Block RAM dut/u_e203_subsys_top/u_e203_subsys_main/u_e203_cpu_top/u_e203_srams/u_e203_itcm_ram/u_e203_itcm_gnrl_ram/u_sirv_sim_ram/mem[1].non_last.mem_r_reg_0_1 because address width (13) is more than optimal threshold of 12. Implementing using BWWE will require more logic and timing would be suboptimal.
Related violations: <none>

SYNTH-15#19 Warning
Byte wide write enable not inferred  
Byte wide write enable (BWWE) is not inferred for Block RAM dut/u_e203_subsys_top/u_e203_subsys_main/u_e203_cpu_top/u_e203_srams/u_e203_itcm_ram/u_e203_itcm_gnrl_ram/u_sirv_sim_ram/mem[1].non_last.mem_r_reg_1_0 because address width (13) is more than optimal threshold of 12. Implementing using BWWE will require more logic and timing would be suboptimal.
Related violations: <none>

SYNTH-15#20 Warning
Byte wide write enable not inferred  
Byte wide write enable (BWWE) is not inferred for Block RAM dut/u_e203_subsys_top/u_e203_subsys_main/u_e203_cpu_top/u_e203_srams/u_e203_itcm_ram/u_e203_itcm_gnrl_ram/u_sirv_sim_ram/mem[1].non_last.mem_r_reg_1_1 because address width (13) is more than optimal threshold of 12. Implementing using BWWE will require more logic and timing would be suboptimal.
Related violations: <none>

SYNTH-15#21 Warning
Byte wide write enable not inferred  
Byte wide write enable (BWWE) is not inferred for Block RAM dut/u_e203_subsys_top/u_e203_subsys_main/u_e203_cpu_top/u_e203_srams/u_e203_itcm_ram/u_e203_itcm_gnrl_ram/u_sirv_sim_ram/mem[1].non_last.mem_r_reg_2_0 because address width (13) is more than optimal threshold of 12. Implementing using BWWE will require more logic and timing would be suboptimal.
Related violations: <none>

SYNTH-15#22 Warning
Byte wide write enable not inferred  
Byte wide write enable (BWWE) is not inferred for Block RAM dut/u_e203_subsys_top/u_e203_subsys_main/u_e203_cpu_top/u_e203_srams/u_e203_itcm_ram/u_e203_itcm_gnrl_ram/u_sirv_sim_ram/mem[1].non_last.mem_r_reg_2_1 because address width (13) is more than optimal threshold of 12. Implementing using BWWE will require more logic and timing would be suboptimal.
Related violations: <none>

SYNTH-15#23 Warning
Byte wide write enable not inferred  
Byte wide write enable (BWWE) is not inferred for Block RAM dut/u_e203_subsys_top/u_e203_subsys_main/u_e203_cpu_top/u_e203_srams/u_e203_itcm_ram/u_e203_itcm_gnrl_ram/u_sirv_sim_ram/mem[1].non_last.mem_r_reg_3_0 because address width (13) is more than optimal threshold of 12. Implementing using BWWE will require more logic and timing would be suboptimal.
Related violations: <none>

SYNTH-15#24 Warning
Byte wide write enable not inferred  
Byte wide write enable (BWWE) is not inferred for Block RAM dut/u_e203_subsys_top/u_e203_subsys_main/u_e203_cpu_top/u_e203_srams/u_e203_itcm_ram/u_e203_itcm_gnrl_ram/u_sirv_sim_ram/mem[1].non_last.mem_r_reg_3_1 because address width (13) is more than optimal threshold of 12. Implementing using BWWE will require more logic and timing would be suboptimal.
Related violations: <none>

SYNTH-15#25 Warning
Byte wide write enable not inferred  
Byte wide write enable (BWWE) is not inferred for Block RAM dut/u_e203_subsys_top/u_e203_subsys_main/u_e203_cpu_top/u_e203_srams/u_e203_itcm_ram/u_e203_itcm_gnrl_ram/u_sirv_sim_ram/mem[1].non_last.mem_r_reg_4_0 because address width (13) is more than optimal threshold of 12. Implementing using BWWE will require more logic and timing would be suboptimal.
Related violations: <none>

SYNTH-15#26 Warning
Byte wide write enable not inferred  
Byte wide write enable (BWWE) is not inferred for Block RAM dut/u_e203_subsys_top/u_e203_subsys_main/u_e203_cpu_top/u_e203_srams/u_e203_itcm_ram/u_e203_itcm_gnrl_ram/u_sirv_sim_ram/mem[1].non_last.mem_r_reg_4_1 because address width (13) is more than optimal threshold of 12. Implementing using BWWE will require more logic and timing would be suboptimal.
Related violations: <none>

SYNTH-15#27 Warning
Byte wide write enable not inferred  
Byte wide write enable (BWWE) is not inferred for Block RAM dut/u_e203_subsys_top/u_e203_subsys_main/u_e203_cpu_top/u_e203_srams/u_e203_itcm_ram/u_e203_itcm_gnrl_ram/u_sirv_sim_ram/mem[1].non_last.mem_r_reg_5_0 because address width (13) is more than optimal threshold of 12. Implementing using BWWE will require more logic and timing would be suboptimal.
Related violations: <none>

SYNTH-15#28 Warning
Byte wide write enable not inferred  
Byte wide write enable (BWWE) is not inferred for Block RAM dut/u_e203_subsys_top/u_e203_subsys_main/u_e203_cpu_top/u_e203_srams/u_e203_itcm_ram/u_e203_itcm_gnrl_ram/u_sirv_sim_ram/mem[1].non_last.mem_r_reg_5_1 because address width (13) is more than optimal threshold of 12. Implementing using BWWE will require more logic and timing would be suboptimal.
Related violations: <none>

SYNTH-15#29 Warning
Byte wide write enable not inferred  
Byte wide write enable (BWWE) is not inferred for Block RAM dut/u_e203_subsys_top/u_e203_subsys_main/u_e203_cpu_top/u_e203_srams/u_e203_itcm_ram/u_e203_itcm_gnrl_ram/u_sirv_sim_ram/mem[1].non_last.mem_r_reg_6_0 because address width (13) is more than optimal threshold of 12. Implementing using BWWE will require more logic and timing would be suboptimal.
Related violations: <none>

SYNTH-15#30 Warning
Byte wide write enable not inferred  
Byte wide write enable (BWWE) is not inferred for Block RAM dut/u_e203_subsys_top/u_e203_subsys_main/u_e203_cpu_top/u_e203_srams/u_e203_itcm_ram/u_e203_itcm_gnrl_ram/u_sirv_sim_ram/mem[1].non_last.mem_r_reg_6_1 because address width (13) is more than optimal threshold of 12. Implementing using BWWE will require more logic and timing would be suboptimal.
Related violations: <none>

SYNTH-15#31 Warning
Byte wide write enable not inferred  
Byte wide write enable (BWWE) is not inferred for Block RAM dut/u_e203_subsys_top/u_e203_subsys_main/u_e203_cpu_top/u_e203_srams/u_e203_itcm_ram/u_e203_itcm_gnrl_ram/u_sirv_sim_ram/mem[1].non_last.mem_r_reg_7_0 because address width (13) is more than optimal threshold of 12. Implementing using BWWE will require more logic and timing would be suboptimal.
Related violations: <none>

SYNTH-15#32 Warning
Byte wide write enable not inferred  
Byte wide write enable (BWWE) is not inferred for Block RAM dut/u_e203_subsys_top/u_e203_subsys_main/u_e203_cpu_top/u_e203_srams/u_e203_itcm_ram/u_e203_itcm_gnrl_ram/u_sirv_sim_ram/mem[1].non_last.mem_r_reg_7_1 because address width (13) is more than optimal threshold of 12. Implementing using BWWE will require more logic and timing would be suboptimal.
Related violations: <none>

SYNTH-16#1 Warning
Address collision  
Block RAM dut/u_e203_subsys_top/u_e203_subsys_main/u_e203_cpu_top/u_e203_srams/u_e203_dtcm_ram/u_e203_dtcm_gnrl_ram/u_sirv_sim_ram/mem[1].non_last.mem_r_reg_0_0 may get memory collision error if read and write address collide. Use of address collision resolution circuitry is recommended.
Related violations: <none>

SYNTH-16#2 Warning
Address collision  
Block RAM dut/u_e203_subsys_top/u_e203_subsys_main/u_e203_cpu_top/u_e203_srams/u_e203_dtcm_ram/u_e203_dtcm_gnrl_ram/u_sirv_sim_ram/mem[1].non_last.mem_r_reg_0_1 may get memory collision error if read and write address collide. Use of address collision resolution circuitry is recommended.
Related violations: <none>

SYNTH-16#3 Warning
Address collision  
Block RAM dut/u_e203_subsys_top/u_e203_subsys_main/u_e203_cpu_top/u_e203_srams/u_e203_dtcm_ram/u_e203_dtcm_gnrl_ram/u_sirv_sim_ram/mem[1].non_last.mem_r_reg_0_2 may get memory collision error if read and write address collide. Use of address collision resolution circuitry is recommended.
Related violations: <none>

SYNTH-16#4 Warning
Address collision  
Block RAM dut/u_e203_subsys_top/u_e203_subsys_main/u_e203_cpu_top/u_e203_srams/u_e203_dtcm_ram/u_e203_dtcm_gnrl_ram/u_sirv_sim_ram/mem[1].non_last.mem_r_reg_0_3 may get memory collision error if read and write address collide. Use of address collision resolution circuitry is recommended.
Related violations: <none>

SYNTH-16#5 Warning
Address collision  
Block RAM dut/u_e203_subsys_top/u_e203_subsys_main/u_e203_cpu_top/u_e203_srams/u_e203_dtcm_ram/u_e203_dtcm_gnrl_ram/u_sirv_sim_ram/mem[1].non_last.mem_r_reg_1_0 may get memory collision error if read and write address collide. Use of address collision resolution circuitry is recommended.
Related violations: <none>

SYNTH-16#6 Warning
Address collision  
Block RAM dut/u_e203_subsys_top/u_e203_subsys_main/u_e203_cpu_top/u_e203_srams/u_e203_dtcm_ram/u_e203_dtcm_gnrl_ram/u_sirv_sim_ram/mem[1].non_last.mem_r_reg_1_1 may get memory collision error if read and write address collide. Use of address collision resolution circuitry is recommended.
Related violations: <none>

SYNTH-16#7 Warning
Address collision  
Block RAM dut/u_e203_subsys_top/u_e203_subsys_main/u_e203_cpu_top/u_e203_srams/u_e203_dtcm_ram/u_e203_dtcm_gnrl_ram/u_sirv_sim_ram/mem[1].non_last.mem_r_reg_1_2 may get memory collision error if read and write address collide. Use of address collision resolution circuitry is recommended.
Related violations: <none>

SYNTH-16#8 Warning
Address collision  
Block RAM dut/u_e203_subsys_top/u_e203_subsys_main/u_e203_cpu_top/u_e203_srams/u_e203_dtcm_ram/u_e203_dtcm_gnrl_ram/u_sirv_sim_ram/mem[1].non_last.mem_r_reg_1_3 may get memory collision error if read and write address collide. Use of address collision resolution circuitry is recommended.
Related violations: <none>

SYNTH-16#9 Warning
Address collision  
Block RAM dut/u_e203_subsys_top/u_e203_subsys_main/u_e203_cpu_top/u_e203_srams/u_e203_dtcm_ram/u_e203_dtcm_gnrl_ram/u_sirv_sim_ram/mem[1].non_last.mem_r_reg_2_0 may get memory collision error if read and write address collide. Use of address collision resolution circuitry is recommended.
Related violations: <none>

SYNTH-16#10 Warning
Address collision  
Block RAM dut/u_e203_subsys_top/u_e203_subsys_main/u_e203_cpu_top/u_e203_srams/u_e203_dtcm_ram/u_e203_dtcm_gnrl_ram/u_sirv_sim_ram/mem[1].non_last.mem_r_reg_2_1 may get memory collision error if read and write address collide. Use of address collision resolution circuitry is recommended.
Related violations: <none>

SYNTH-16#11 Warning
Address collision  
Block RAM dut/u_e203_subsys_top/u_e203_subsys_main/u_e203_cpu_top/u_e203_srams/u_e203_dtcm_ram/u_e203_dtcm_gnrl_ram/u_sirv_sim_ram/mem[1].non_last.mem_r_reg_2_2 may get memory collision error if read and write address collide. Use of address collision resolution circuitry is recommended.
Related violations: <none>

SYNTH-16#12 Warning
Address collision  
Block RAM dut/u_e203_subsys_top/u_e203_subsys_main/u_e203_cpu_top/u_e203_srams/u_e203_dtcm_ram/u_e203_dtcm_gnrl_ram/u_sirv_sim_ram/mem[1].non_last.mem_r_reg_2_3 may get memory collision error if read and write address collide. Use of address collision resolution circuitry is recommended.
Related violations: <none>

SYNTH-16#13 Warning
Address collision  
Block RAM dut/u_e203_subsys_top/u_e203_subsys_main/u_e203_cpu_top/u_e203_srams/u_e203_dtcm_ram/u_e203_dtcm_gnrl_ram/u_sirv_sim_ram/mem[1].non_last.mem_r_reg_3_0 may get memory collision error if read and write address collide. Use of address collision resolution circuitry is recommended.
Related violations: <none>

SYNTH-16#14 Warning
Address collision  
Block RAM dut/u_e203_subsys_top/u_e203_subsys_main/u_e203_cpu_top/u_e203_srams/u_e203_dtcm_ram/u_e203_dtcm_gnrl_ram/u_sirv_sim_ram/mem[1].non_last.mem_r_reg_3_1 may get memory collision error if read and write address collide. Use of address collision resolution circuitry is recommended.
Related violations: <none>

SYNTH-16#15 Warning
Address collision  
Block RAM dut/u_e203_subsys_top/u_e203_subsys_main/u_e203_cpu_top/u_e203_srams/u_e203_dtcm_ram/u_e203_dtcm_gnrl_ram/u_sirv_sim_ram/mem[1].non_last.mem_r_reg_3_2 may get memory collision error if read and write address collide. Use of address collision resolution circuitry is recommended.
Related violations: <none>

SYNTH-16#16 Warning
Address collision  
Block RAM dut/u_e203_subsys_top/u_e203_subsys_main/u_e203_cpu_top/u_e203_srams/u_e203_dtcm_ram/u_e203_dtcm_gnrl_ram/u_sirv_sim_ram/mem[1].non_last.mem_r_reg_3_3 may get memory collision error if read and write address collide. Use of address collision resolution circuitry is recommended.
Related violations: <none>

SYNTH-16#17 Warning
Address collision  
Block RAM dut/u_e203_subsys_top/u_e203_subsys_main/u_e203_cpu_top/u_e203_srams/u_e203_itcm_ram/u_e203_itcm_gnrl_ram/u_sirv_sim_ram/mem[1].non_last.mem_r_reg_0_0 may get memory collision error if read and write address collide. Use of address collision resolution circuitry is recommended.
Related violations: <none>

SYNTH-16#18 Warning
Address collision  
Block RAM dut/u_e203_subsys_top/u_e203_subsys_main/u_e203_cpu_top/u_e203_srams/u_e203_itcm_ram/u_e203_itcm_gnrl_ram/u_sirv_sim_ram/mem[1].non_last.mem_r_reg_0_1 may get memory collision error if read and write address collide. Use of address collision resolution circuitry is recommended.
Related violations: <none>

SYNTH-16#19 Warning
Address collision  
Block RAM dut/u_e203_subsys_top/u_e203_subsys_main/u_e203_cpu_top/u_e203_srams/u_e203_itcm_ram/u_e203_itcm_gnrl_ram/u_sirv_sim_ram/mem[1].non_last.mem_r_reg_1_0 may get memory collision error if read and write address collide. Use of address collision resolution circuitry is recommended.
Related violations: <none>

SYNTH-16#20 Warning
Address collision  
Block RAM dut/u_e203_subsys_top/u_e203_subsys_main/u_e203_cpu_top/u_e203_srams/u_e203_itcm_ram/u_e203_itcm_gnrl_ram/u_sirv_sim_ram/mem[1].non_last.mem_r_reg_1_1 may get memory collision error if read and write address collide. Use of address collision resolution circuitry is recommended.
Related violations: <none>

SYNTH-16#21 Warning
Address collision  
Block RAM dut/u_e203_subsys_top/u_e203_subsys_main/u_e203_cpu_top/u_e203_srams/u_e203_itcm_ram/u_e203_itcm_gnrl_ram/u_sirv_sim_ram/mem[1].non_last.mem_r_reg_2_0 may get memory collision error if read and write address collide. Use of address collision resolution circuitry is recommended.
Related violations: <none>

SYNTH-16#22 Warning
Address collision  
Block RAM dut/u_e203_subsys_top/u_e203_subsys_main/u_e203_cpu_top/u_e203_srams/u_e203_itcm_ram/u_e203_itcm_gnrl_ram/u_sirv_sim_ram/mem[1].non_last.mem_r_reg_2_1 may get memory collision error if read and write address collide. Use of address collision resolution circuitry is recommended.
Related violations: <none>

SYNTH-16#23 Warning
Address collision  
Block RAM dut/u_e203_subsys_top/u_e203_subsys_main/u_e203_cpu_top/u_e203_srams/u_e203_itcm_ram/u_e203_itcm_gnrl_ram/u_sirv_sim_ram/mem[1].non_last.mem_r_reg_3_0 may get memory collision error if read and write address collide. Use of address collision resolution circuitry is recommended.
Related violations: <none>

SYNTH-16#24 Warning
Address collision  
Block RAM dut/u_e203_subsys_top/u_e203_subsys_main/u_e203_cpu_top/u_e203_srams/u_e203_itcm_ram/u_e203_itcm_gnrl_ram/u_sirv_sim_ram/mem[1].non_last.mem_r_reg_3_1 may get memory collision error if read and write address collide. Use of address collision resolution circuitry is recommended.
Related violations: <none>

SYNTH-16#25 Warning
Address collision  
Block RAM dut/u_e203_subsys_top/u_e203_subsys_main/u_e203_cpu_top/u_e203_srams/u_e203_itcm_ram/u_e203_itcm_gnrl_ram/u_sirv_sim_ram/mem[1].non_last.mem_r_reg_4_0 may get memory collision error if read and write address collide. Use of address collision resolution circuitry is recommended.
Related violations: <none>

SYNTH-16#26 Warning
Address collision  
Block RAM dut/u_e203_subsys_top/u_e203_subsys_main/u_e203_cpu_top/u_e203_srams/u_e203_itcm_ram/u_e203_itcm_gnrl_ram/u_sirv_sim_ram/mem[1].non_last.mem_r_reg_4_1 may get memory collision error if read and write address collide. Use of address collision resolution circuitry is recommended.
Related violations: <none>

SYNTH-16#27 Warning
Address collision  
Block RAM dut/u_e203_subsys_top/u_e203_subsys_main/u_e203_cpu_top/u_e203_srams/u_e203_itcm_ram/u_e203_itcm_gnrl_ram/u_sirv_sim_ram/mem[1].non_last.mem_r_reg_5_0 may get memory collision error if read and write address collide. Use of address collision resolution circuitry is recommended.
Related violations: <none>

SYNTH-16#28 Warning
Address collision  
Block RAM dut/u_e203_subsys_top/u_e203_subsys_main/u_e203_cpu_top/u_e203_srams/u_e203_itcm_ram/u_e203_itcm_gnrl_ram/u_sirv_sim_ram/mem[1].non_last.mem_r_reg_5_1 may get memory collision error if read and write address collide. Use of address collision resolution circuitry is recommended.
Related violations: <none>

SYNTH-16#29 Warning
Address collision  
Block RAM dut/u_e203_subsys_top/u_e203_subsys_main/u_e203_cpu_top/u_e203_srams/u_e203_itcm_ram/u_e203_itcm_gnrl_ram/u_sirv_sim_ram/mem[1].non_last.mem_r_reg_6_0 may get memory collision error if read and write address collide. Use of address collision resolution circuitry is recommended.
Related violations: <none>

SYNTH-16#30 Warning
Address collision  
Block RAM dut/u_e203_subsys_top/u_e203_subsys_main/u_e203_cpu_top/u_e203_srams/u_e203_itcm_ram/u_e203_itcm_gnrl_ram/u_sirv_sim_ram/mem[1].non_last.mem_r_reg_6_1 may get memory collision error if read and write address collide. Use of address collision resolution circuitry is recommended.
Related violations: <none>

SYNTH-16#31 Warning
Address collision  
Block RAM dut/u_e203_subsys_top/u_e203_subsys_main/u_e203_cpu_top/u_e203_srams/u_e203_itcm_ram/u_e203_itcm_gnrl_ram/u_sirv_sim_ram/mem[1].non_last.mem_r_reg_7_0 may get memory collision error if read and write address collide. Use of address collision resolution circuitry is recommended.
Related violations: <none>

SYNTH-16#32 Warning
Address collision  
Block RAM dut/u_e203_subsys_top/u_e203_subsys_main/u_e203_cpu_top/u_e203_srams/u_e203_itcm_ram/u_e203_itcm_gnrl_ram/u_sirv_sim_ram/mem[1].non_last.mem_r_reg_7_1 may get memory collision error if read and write address collide. Use of address collision resolution circuitry is recommended.
Related violations: <none>

TIMING-6#1 Warning
No common primary clock between related clocks  
The clocks clk_out2_mmcm and sys_clk_pin are related (timed together) but they have no common primary clock. The design could fail in hardware. To find a timing path between these clocks, run the following command: report_timing -from [get_clocks clk_out2_mmcm] -to [get_clocks sys_clk_pin]
Related violations: <none>

TIMING-6#2 Warning
No common primary clock between related clocks  
The clocks sys_clk_pin and clk_out2_mmcm are related (timed together) but they have no common primary clock. The design could fail in hardware. To find a timing path between these clocks, run the following command: report_timing -from [get_clocks sys_clk_pin] -to [get_clocks clk_out2_mmcm]
Related violations: <none>

TIMING-7#1 Warning
No common node between related clocks  
The clocks clk_out2_mmcm and sys_clk_pin are related (timed together) but they have no common node. The design could fail in hardware. To find a timing path between these clocks, run the following command: report_timing -from [get_clocks clk_out2_mmcm] -to [get_clocks sys_clk_pin]
Related violations: <none>

TIMING-7#2 Warning
No common node between related clocks  
The clocks sys_clk_pin and clk_out2_mmcm are related (timed together) but they have no common node. The design could fail in hardware. To find a timing path between these clocks, run the following command: report_timing -from [get_clocks sys_clk_pin] -to [get_clocks clk_out2_mmcm]
Related violations: <none>

TIMING-8#1 Warning
No common period between related clocks  
The clocks clk_out2_mmcm and sys_clk_pin are found related (timed together) but have no common (expandable) period
Related violations: <none>

TIMING-8#2 Warning
No common period between related clocks  
The clocks sys_clk_pin and clk_out2_mmcm are found related (timed together) but have no common (expandable) period
Related violations: <none>

TIMING-17#1 Warning
Non-clocked sequential cell  
The clock pin dut/u_e203_subsys_top/u_sirv_debug_module/jtag_dtm_gen.u_sirv_jtag_dtm/FSM_sequential_jtagStateReg_reg[0]/C is not reached by a timing clock
Related violations: <none>

TIMING-17#2 Warning
Non-clocked sequential cell  
The clock pin dut/u_e203_subsys_top/u_sirv_debug_module/jtag_dtm_gen.u_sirv_jtag_dtm/FSM_sequential_jtagStateReg_reg[1]/C is not reached by a timing clock
Related violations: <none>

TIMING-17#3 Warning
Non-clocked sequential cell  
The clock pin dut/u_e203_subsys_top/u_sirv_debug_module/jtag_dtm_gen.u_sirv_jtag_dtm/FSM_sequential_jtagStateReg_reg[2]/C is not reached by a timing clock
Related violations: <none>

TIMING-17#4 Warning
Non-clocked sequential cell  
The clock pin dut/u_e203_subsys_top/u_sirv_debug_module/jtag_dtm_gen.u_sirv_jtag_dtm/FSM_sequential_jtagStateReg_reg[3]/C is not reached by a timing clock
Related violations: <none>

TIMING-17#5 Warning
Non-clocked sequential cell  
The clock pin dut/u_e203_subsys_top/u_sirv_debug_module/jtag_dtm_gen.u_sirv_jtag_dtm/busyReg_reg/C is not reached by a timing clock
Related violations: <none>

TIMING-17#6 Warning
Non-clocked sequential cell  
The clock pin dut/u_e203_subsys_top/u_sirv_debug_module/jtag_dtm_gen.u_sirv_jtag_dtm/dbusReg_reg[0]/C is not reached by a timing clock
Related violations: <none>

TIMING-17#7 Warning
Non-clocked sequential cell  
The clock pin dut/u_e203_subsys_top/u_sirv_debug_module/jtag_dtm_gen.u_sirv_jtag_dtm/dbusReg_reg[10]/C is not reached by a timing clock
Related violations: <none>

TIMING-17#8 Warning
Non-clocked sequential cell  
The clock pin dut/u_e203_subsys_top/u_sirv_debug_module/jtag_dtm_gen.u_sirv_jtag_dtm/dbusReg_reg[11]/C is not reached by a timing clock
Related violations: <none>

TIMING-17#9 Warning
Non-clocked sequential cell  
The clock pin dut/u_e203_subsys_top/u_sirv_debug_module/jtag_dtm_gen.u_sirv_jtag_dtm/dbusReg_reg[12]/C is not reached by a timing clock
Related violations: <none>

TIMING-17#10 Warning
Non-clocked sequential cell  
The clock pin dut/u_e203_subsys_top/u_sirv_debug_module/jtag_dtm_gen.u_sirv_jtag_dtm/dbusReg_reg[13]/C is not reached by a timing clock
Related violations: <none>

TIMING-17#11 Warning
Non-clocked sequential cell  
The clock pin dut/u_e203_subsys_top/u_sirv_debug_module/jtag_dtm_gen.u_sirv_jtag_dtm/dbusReg_reg[14]/C is not reached by a timing clock
Related violations: <none>

TIMING-17#12 Warning
Non-clocked sequential cell  
The clock pin dut/u_e203_subsys_top/u_sirv_debug_module/jtag_dtm_gen.u_sirv_jtag_dtm/dbusReg_reg[15]/C is not reached by a timing clock
Related violations: <none>

TIMING-17#13 Warning
Non-clocked sequential cell  
The clock pin dut/u_e203_subsys_top/u_sirv_debug_module/jtag_dtm_gen.u_sirv_jtag_dtm/dbusReg_reg[16]/C is not reached by a timing clock
Related violations: <none>

TIMING-17#14 Warning
Non-clocked sequential cell  
The clock pin dut/u_e203_subsys_top/u_sirv_debug_module/jtag_dtm_gen.u_sirv_jtag_dtm/dbusReg_reg[17]/C is not reached by a timing clock
Related violations: <none>

TIMING-17#15 Warning
Non-clocked sequential cell  
The clock pin dut/u_e203_subsys_top/u_sirv_debug_module/jtag_dtm_gen.u_sirv_jtag_dtm/dbusReg_reg[18]/C is not reached by a timing clock
Related violations: <none>

TIMING-17#16 Warning
Non-clocked sequential cell  
The clock pin dut/u_e203_subsys_top/u_sirv_debug_module/jtag_dtm_gen.u_sirv_jtag_dtm/dbusReg_reg[19]/C is not reached by a timing clock
Related violations: <none>

TIMING-17#17 Warning
Non-clocked sequential cell  
The clock pin dut/u_e203_subsys_top/u_sirv_debug_module/jtag_dtm_gen.u_sirv_jtag_dtm/dbusReg_reg[1]/C is not reached by a timing clock
Related violations: <none>

TIMING-17#18 Warning
Non-clocked sequential cell  
The clock pin dut/u_e203_subsys_top/u_sirv_debug_module/jtag_dtm_gen.u_sirv_jtag_dtm/dbusReg_reg[20]/C is not reached by a timing clock
Related violations: <none>

TIMING-17#19 Warning
Non-clocked sequential cell  
The clock pin dut/u_e203_subsys_top/u_sirv_debug_module/jtag_dtm_gen.u_sirv_jtag_dtm/dbusReg_reg[21]/C is not reached by a timing clock
Related violations: <none>

TIMING-17#20 Warning
Non-clocked sequential cell  
The clock pin dut/u_e203_subsys_top/u_sirv_debug_module/jtag_dtm_gen.u_sirv_jtag_dtm/dbusReg_reg[22]/C is not reached by a timing clock
Related violations: <none>

TIMING-17#21 Warning
Non-clocked sequential cell  
The clock pin dut/u_e203_subsys_top/u_sirv_debug_module/jtag_dtm_gen.u_sirv_jtag_dtm/dbusReg_reg[23]/C is not reached by a timing clock
Related violations: <none>

TIMING-17#22 Warning
Non-clocked sequential cell  
The clock pin dut/u_e203_subsys_top/u_sirv_debug_module/jtag_dtm_gen.u_sirv_jtag_dtm/dbusReg_reg[24]/C is not reached by a timing clock
Related violations: <none>

TIMING-17#23 Warning
Non-clocked sequential cell  
The clock pin dut/u_e203_subsys_top/u_sirv_debug_module/jtag_dtm_gen.u_sirv_jtag_dtm/dbusReg_reg[25]/C is not reached by a timing clock
Related violations: <none>

TIMING-17#24 Warning
Non-clocked sequential cell  
The clock pin dut/u_e203_subsys_top/u_sirv_debug_module/jtag_dtm_gen.u_sirv_jtag_dtm/dbusReg_reg[26]/C is not reached by a timing clock
Related violations: <none>

TIMING-17#25 Warning
Non-clocked sequential cell  
The clock pin dut/u_e203_subsys_top/u_sirv_debug_module/jtag_dtm_gen.u_sirv_jtag_dtm/dbusReg_reg[27]/C is not reached by a timing clock
Related violations: <none>

TIMING-17#26 Warning
Non-clocked sequential cell  
The clock pin dut/u_e203_subsys_top/u_sirv_debug_module/jtag_dtm_gen.u_sirv_jtag_dtm/dbusReg_reg[28]/C is not reached by a timing clock
Related violations: <none>

TIMING-17#27 Warning
Non-clocked sequential cell  
The clock pin dut/u_e203_subsys_top/u_sirv_debug_module/jtag_dtm_gen.u_sirv_jtag_dtm/dbusReg_reg[29]/C is not reached by a timing clock
Related violations: <none>

TIMING-17#28 Warning
Non-clocked sequential cell  
The clock pin dut/u_e203_subsys_top/u_sirv_debug_module/jtag_dtm_gen.u_sirv_jtag_dtm/dbusReg_reg[2]/C is not reached by a timing clock
Related violations: <none>

TIMING-17#29 Warning
Non-clocked sequential cell  
The clock pin dut/u_e203_subsys_top/u_sirv_debug_module/jtag_dtm_gen.u_sirv_jtag_dtm/dbusReg_reg[30]/C is not reached by a timing clock
Related violations: <none>

TIMING-17#30 Warning
Non-clocked sequential cell  
The clock pin dut/u_e203_subsys_top/u_sirv_debug_module/jtag_dtm_gen.u_sirv_jtag_dtm/dbusReg_reg[31]/C is not reached by a timing clock
Related violations: <none>

TIMING-17#31 Warning
Non-clocked sequential cell  
The clock pin dut/u_e203_subsys_top/u_sirv_debug_module/jtag_dtm_gen.u_sirv_jtag_dtm/dbusReg_reg[32]/C is not reached by a timing clock
Related violations: <none>

TIMING-17#32 Warning
Non-clocked sequential cell  
The clock pin dut/u_e203_subsys_top/u_sirv_debug_module/jtag_dtm_gen.u_sirv_jtag_dtm/dbusReg_reg[33]/C is not reached by a timing clock
Related violations: <none>

TIMING-17#33 Warning
Non-clocked sequential cell  
The clock pin dut/u_e203_subsys_top/u_sirv_debug_module/jtag_dtm_gen.u_sirv_jtag_dtm/dbusReg_reg[34]/C is not reached by a timing clock
Related violations: <none>

TIMING-17#34 Warning
Non-clocked sequential cell  
The clock pin dut/u_e203_subsys_top/u_sirv_debug_module/jtag_dtm_gen.u_sirv_jtag_dtm/dbusReg_reg[35]/C is not reached by a timing clock
Related violations: <none>

TIMING-17#35 Warning
Non-clocked sequential cell  
The clock pin dut/u_e203_subsys_top/u_sirv_debug_module/jtag_dtm_gen.u_sirv_jtag_dtm/dbusReg_reg[36]/C is not reached by a timing clock
Related violations: <none>

TIMING-17#36 Warning
Non-clocked sequential cell  
The clock pin dut/u_e203_subsys_top/u_sirv_debug_module/jtag_dtm_gen.u_sirv_jtag_dtm/dbusReg_reg[37]/C is not reached by a timing clock
Related violations: <none>

TIMING-17#37 Warning
Non-clocked sequential cell  
The clock pin dut/u_e203_subsys_top/u_sirv_debug_module/jtag_dtm_gen.u_sirv_jtag_dtm/dbusReg_reg[38]/C is not reached by a timing clock
Related violations: <none>

TIMING-17#38 Warning
Non-clocked sequential cell  
The clock pin dut/u_e203_subsys_top/u_sirv_debug_module/jtag_dtm_gen.u_sirv_jtag_dtm/dbusReg_reg[39]/C is not reached by a timing clock
Related violations: <none>

TIMING-17#39 Warning
Non-clocked sequential cell  
The clock pin dut/u_e203_subsys_top/u_sirv_debug_module/jtag_dtm_gen.u_sirv_jtag_dtm/dbusReg_reg[3]/C is not reached by a timing clock
Related violations: <none>

TIMING-17#40 Warning
Non-clocked sequential cell  
The clock pin dut/u_e203_subsys_top/u_sirv_debug_module/jtag_dtm_gen.u_sirv_jtag_dtm/dbusReg_reg[40]/C is not reached by a timing clock
Related violations: <none>

TIMING-17#41 Warning
Non-clocked sequential cell  
The clock pin dut/u_e203_subsys_top/u_sirv_debug_module/jtag_dtm_gen.u_sirv_jtag_dtm/dbusReg_reg[4]/C is not reached by a timing clock
Related violations: <none>

TIMING-17#42 Warning
Non-clocked sequential cell  
The clock pin dut/u_e203_subsys_top/u_sirv_debug_module/jtag_dtm_gen.u_sirv_jtag_dtm/dbusReg_reg[5]/C is not reached by a timing clock
Related violations: <none>

TIMING-17#43 Warning
Non-clocked sequential cell  
The clock pin dut/u_e203_subsys_top/u_sirv_debug_module/jtag_dtm_gen.u_sirv_jtag_dtm/dbusReg_reg[6]/C is not reached by a timing clock
Related violations: <none>

TIMING-17#44 Warning
Non-clocked sequential cell  
The clock pin dut/u_e203_subsys_top/u_sirv_debug_module/jtag_dtm_gen.u_sirv_jtag_dtm/dbusReg_reg[7]/C is not reached by a timing clock
Related violations: <none>

TIMING-17#45 Warning
Non-clocked sequential cell  
The clock pin dut/u_e203_subsys_top/u_sirv_debug_module/jtag_dtm_gen.u_sirv_jtag_dtm/dbusReg_reg[8]/C is not reached by a timing clock
Related violations: <none>

TIMING-17#46 Warning
Non-clocked sequential cell  
The clock pin dut/u_e203_subsys_top/u_sirv_debug_module/jtag_dtm_gen.u_sirv_jtag_dtm/dbusReg_reg[9]/C is not reached by a timing clock
Related violations: <none>

TIMING-17#47 Warning
Non-clocked sequential cell  
The clock pin dut/u_e203_subsys_top/u_sirv_debug_module/jtag_dtm_gen.u_sirv_jtag_dtm/dbusValidReg_reg/C is not reached by a timing clock
Related violations: <none>

TIMING-17#48 Warning
Non-clocked sequential cell  
The clock pin dut/u_e203_subsys_top/u_sirv_debug_module/jtag_dtm_gen.u_sirv_jtag_dtm/irReg_reg[0]/C is not reached by a timing clock
Related violations: <none>

TIMING-17#49 Warning
Non-clocked sequential cell  
The clock pin dut/u_e203_subsys_top/u_sirv_debug_module/jtag_dtm_gen.u_sirv_jtag_dtm/irReg_reg[1]/C is not reached by a timing clock
Related violations: <none>

TIMING-17#50 Warning
Non-clocked sequential cell  
The clock pin dut/u_e203_subsys_top/u_sirv_debug_module/jtag_dtm_gen.u_sirv_jtag_dtm/irReg_reg[2]/C is not reached by a timing clock
Related violations: <none>

TIMING-17#51 Warning
Non-clocked sequential cell  
The clock pin dut/u_e203_subsys_top/u_sirv_debug_module/jtag_dtm_gen.u_sirv_jtag_dtm/irReg_reg[3]/C is not reached by a timing clock
Related violations: <none>

TIMING-17#52 Warning
Non-clocked sequential cell  
The clock pin dut/u_e203_subsys_top/u_sirv_debug_module/jtag_dtm_gen.u_sirv_jtag_dtm/irReg_reg[4]/C is not reached by a timing clock
Related violations: <none>

TIMING-17#53 Warning
Non-clocked sequential cell  
The clock pin dut/u_e203_subsys_top/u_sirv_debug_module/jtag_dtm_gen.u_sirv_jtag_dtm/jtag_DRV_TDO_reg_inv/C is not reached by a timing clock
Related violations: <none>

TIMING-17#54 Warning
Non-clocked sequential cell  
The clock pin dut/u_e203_subsys_top/u_sirv_debug_module/jtag_dtm_gen.u_sirv_jtag_dtm/jtag_TDO_reg/C is not reached by a timing clock
Related violations: <none>

TIMING-17#55 Warning
Non-clocked sequential cell  
The clock pin dut/u_e203_subsys_top/u_sirv_debug_module/jtag_dtm_gen.u_sirv_jtag_dtm/shiftReg_reg[0]/C is not reached by a timing clock
Related violations: <none>

TIMING-17#56 Warning
Non-clocked sequential cell  
The clock pin dut/u_e203_subsys_top/u_sirv_debug_module/jtag_dtm_gen.u_sirv_jtag_dtm/shiftReg_reg[10]/C is not reached by a timing clock
Related violations: <none>

TIMING-17#57 Warning
Non-clocked sequential cell  
The clock pin dut/u_e203_subsys_top/u_sirv_debug_module/jtag_dtm_gen.u_sirv_jtag_dtm/shiftReg_reg[11]/C is not reached by a timing clock
Related violations: <none>

TIMING-17#58 Warning
Non-clocked sequential cell  
The clock pin dut/u_e203_subsys_top/u_sirv_debug_module/jtag_dtm_gen.u_sirv_jtag_dtm/shiftReg_reg[12]/C is not reached by a timing clock
Related violations: <none>

TIMING-17#59 Warning
Non-clocked sequential cell  
The clock pin dut/u_e203_subsys_top/u_sirv_debug_module/jtag_dtm_gen.u_sirv_jtag_dtm/shiftReg_reg[13]/C is not reached by a timing clock
Related violations: <none>

TIMING-17#60 Warning
Non-clocked sequential cell  
The clock pin dut/u_e203_subsys_top/u_sirv_debug_module/jtag_dtm_gen.u_sirv_jtag_dtm/shiftReg_reg[14]/C is not reached by a timing clock
Related violations: <none>

TIMING-17#61 Warning
Non-clocked sequential cell  
The clock pin dut/u_e203_subsys_top/u_sirv_debug_module/jtag_dtm_gen.u_sirv_jtag_dtm/shiftReg_reg[15]/C is not reached by a timing clock
Related violations: <none>

TIMING-17#62 Warning
Non-clocked sequential cell  
The clock pin dut/u_e203_subsys_top/u_sirv_debug_module/jtag_dtm_gen.u_sirv_jtag_dtm/shiftReg_reg[16]/C is not reached by a timing clock
Related violations: <none>

TIMING-17#63 Warning
Non-clocked sequential cell  
The clock pin dut/u_e203_subsys_top/u_sirv_debug_module/jtag_dtm_gen.u_sirv_jtag_dtm/shiftReg_reg[17]/C is not reached by a timing clock
Related violations: <none>

TIMING-17#64 Warning
Non-clocked sequential cell  
The clock pin dut/u_e203_subsys_top/u_sirv_debug_module/jtag_dtm_gen.u_sirv_jtag_dtm/shiftReg_reg[18]/C is not reached by a timing clock
Related violations: <none>

TIMING-17#65 Warning
Non-clocked sequential cell  
The clock pin dut/u_e203_subsys_top/u_sirv_debug_module/jtag_dtm_gen.u_sirv_jtag_dtm/shiftReg_reg[19]/C is not reached by a timing clock
Related violations: <none>

TIMING-17#66 Warning
Non-clocked sequential cell  
The clock pin dut/u_e203_subsys_top/u_sirv_debug_module/jtag_dtm_gen.u_sirv_jtag_dtm/shiftReg_reg[1]/C is not reached by a timing clock
Related violations: <none>

TIMING-17#67 Warning
Non-clocked sequential cell  
The clock pin dut/u_e203_subsys_top/u_sirv_debug_module/jtag_dtm_gen.u_sirv_jtag_dtm/shiftReg_reg[20]/C is not reached by a timing clock
Related violations: <none>

TIMING-17#68 Warning
Non-clocked sequential cell  
The clock pin dut/u_e203_subsys_top/u_sirv_debug_module/jtag_dtm_gen.u_sirv_jtag_dtm/shiftReg_reg[21]/C is not reached by a timing clock
Related violations: <none>

TIMING-17#69 Warning
Non-clocked sequential cell  
The clock pin dut/u_e203_subsys_top/u_sirv_debug_module/jtag_dtm_gen.u_sirv_jtag_dtm/shiftReg_reg[22]/C is not reached by a timing clock
Related violations: <none>

TIMING-17#70 Warning
Non-clocked sequential cell  
The clock pin dut/u_e203_subsys_top/u_sirv_debug_module/jtag_dtm_gen.u_sirv_jtag_dtm/shiftReg_reg[23]/C is not reached by a timing clock
Related violations: <none>

TIMING-17#71 Warning
Non-clocked sequential cell  
The clock pin dut/u_e203_subsys_top/u_sirv_debug_module/jtag_dtm_gen.u_sirv_jtag_dtm/shiftReg_reg[24]/C is not reached by a timing clock
Related violations: <none>

TIMING-17#72 Warning
Non-clocked sequential cell  
The clock pin dut/u_e203_subsys_top/u_sirv_debug_module/jtag_dtm_gen.u_sirv_jtag_dtm/shiftReg_reg[25]/C is not reached by a timing clock
Related violations: <none>

TIMING-17#73 Warning
Non-clocked sequential cell  
The clock pin dut/u_e203_subsys_top/u_sirv_debug_module/jtag_dtm_gen.u_sirv_jtag_dtm/shiftReg_reg[26]/C is not reached by a timing clock
Related violations: <none>

TIMING-17#74 Warning
Non-clocked sequential cell  
The clock pin dut/u_e203_subsys_top/u_sirv_debug_module/jtag_dtm_gen.u_sirv_jtag_dtm/shiftReg_reg[27]/C is not reached by a timing clock
Related violations: <none>

TIMING-17#75 Warning
Non-clocked sequential cell  
The clock pin dut/u_e203_subsys_top/u_sirv_debug_module/jtag_dtm_gen.u_sirv_jtag_dtm/shiftReg_reg[28]/C is not reached by a timing clock
Related violations: <none>

TIMING-17#76 Warning
Non-clocked sequential cell  
The clock pin dut/u_e203_subsys_top/u_sirv_debug_module/jtag_dtm_gen.u_sirv_jtag_dtm/shiftReg_reg[29]/C is not reached by a timing clock
Related violations: <none>

TIMING-17#77 Warning
Non-clocked sequential cell  
The clock pin dut/u_e203_subsys_top/u_sirv_debug_module/jtag_dtm_gen.u_sirv_jtag_dtm/shiftReg_reg[2]/C is not reached by a timing clock
Related violations: <none>

TIMING-17#78 Warning
Non-clocked sequential cell  
The clock pin dut/u_e203_subsys_top/u_sirv_debug_module/jtag_dtm_gen.u_sirv_jtag_dtm/shiftReg_reg[30]/C is not reached by a timing clock
Related violations: <none>

TIMING-17#79 Warning
Non-clocked sequential cell  
The clock pin dut/u_e203_subsys_top/u_sirv_debug_module/jtag_dtm_gen.u_sirv_jtag_dtm/shiftReg_reg[31]/C is not reached by a timing clock
Related violations: <none>

TIMING-17#80 Warning
Non-clocked sequential cell  
The clock pin dut/u_e203_subsys_top/u_sirv_debug_module/jtag_dtm_gen.u_sirv_jtag_dtm/shiftReg_reg[32]/C is not reached by a timing clock
Related violations: <none>

TIMING-17#81 Warning
Non-clocked sequential cell  
The clock pin dut/u_e203_subsys_top/u_sirv_debug_module/jtag_dtm_gen.u_sirv_jtag_dtm/shiftReg_reg[33]/C is not reached by a timing clock
Related violations: <none>

TIMING-17#82 Warning
Non-clocked sequential cell  
The clock pin dut/u_e203_subsys_top/u_sirv_debug_module/jtag_dtm_gen.u_sirv_jtag_dtm/shiftReg_reg[34]/C is not reached by a timing clock
Related violations: <none>

TIMING-17#83 Warning
Non-clocked sequential cell  
The clock pin dut/u_e203_subsys_top/u_sirv_debug_module/jtag_dtm_gen.u_sirv_jtag_dtm/shiftReg_reg[35]/C is not reached by a timing clock
Related violations: <none>

TIMING-17#84 Warning
Non-clocked sequential cell  
The clock pin dut/u_e203_subsys_top/u_sirv_debug_module/jtag_dtm_gen.u_sirv_jtag_dtm/shiftReg_reg[36]/C is not reached by a timing clock
Related violations: <none>

TIMING-17#85 Warning
Non-clocked sequential cell  
The clock pin dut/u_e203_subsys_top/u_sirv_debug_module/jtag_dtm_gen.u_sirv_jtag_dtm/shiftReg_reg[37]/C is not reached by a timing clock
Related violations: <none>

TIMING-17#86 Warning
Non-clocked sequential cell  
The clock pin dut/u_e203_subsys_top/u_sirv_debug_module/jtag_dtm_gen.u_sirv_jtag_dtm/shiftReg_reg[38]/C is not reached by a timing clock
Related violations: <none>

TIMING-17#87 Warning
Non-clocked sequential cell  
The clock pin dut/u_e203_subsys_top/u_sirv_debug_module/jtag_dtm_gen.u_sirv_jtag_dtm/shiftReg_reg[39]/C is not reached by a timing clock
Related violations: <none>

TIMING-17#88 Warning
Non-clocked sequential cell  
The clock pin dut/u_e203_subsys_top/u_sirv_debug_module/jtag_dtm_gen.u_sirv_jtag_dtm/shiftReg_reg[3]/C is not reached by a timing clock
Related violations: <none>

TIMING-17#89 Warning
Non-clocked sequential cell  
The clock pin dut/u_e203_subsys_top/u_sirv_debug_module/jtag_dtm_gen.u_sirv_jtag_dtm/shiftReg_reg[40]/C is not reached by a timing clock
Related violations: <none>

TIMING-17#90 Warning
Non-clocked sequential cell  
The clock pin dut/u_e203_subsys_top/u_sirv_debug_module/jtag_dtm_gen.u_sirv_jtag_dtm/shiftReg_reg[4]/C is not reached by a timing clock
Related violations: <none>

TIMING-17#91 Warning
Non-clocked sequential cell  
The clock pin dut/u_e203_subsys_top/u_sirv_debug_module/jtag_dtm_gen.u_sirv_jtag_dtm/shiftReg_reg[5]/C is not reached by a timing clock
Related violations: <none>

TIMING-17#92 Warning
Non-clocked sequential cell  
The clock pin dut/u_e203_subsys_top/u_sirv_debug_module/jtag_dtm_gen.u_sirv_jtag_dtm/shiftReg_reg[6]/C is not reached by a timing clock
Related violations: <none>

TIMING-17#93 Warning
Non-clocked sequential cell  
The clock pin dut/u_e203_subsys_top/u_sirv_debug_module/jtag_dtm_gen.u_sirv_jtag_dtm/shiftReg_reg[7]/C is not reached by a timing clock
Related violations: <none>

TIMING-17#94 Warning
Non-clocked sequential cell  
The clock pin dut/u_e203_subsys_top/u_sirv_debug_module/jtag_dtm_gen.u_sirv_jtag_dtm/shiftReg_reg[8]/C is not reached by a timing clock
Related violations: <none>

TIMING-17#95 Warning
Non-clocked sequential cell  
The clock pin dut/u_e203_subsys_top/u_sirv_debug_module/jtag_dtm_gen.u_sirv_jtag_dtm/shiftReg_reg[9]/C is not reached by a timing clock
Related violations: <none>

TIMING-17#96 Warning
Non-clocked sequential cell  
The clock pin dut/u_e203_subsys_top/u_sirv_debug_module/jtag_dtm_gen.u_sirv_jtag_dtm/skipOpReg_reg/C is not reached by a timing clock
Related violations: <none>

TIMING-17#97 Warning
Non-clocked sequential cell  
The clock pin dut/u_e203_subsys_top/u_sirv_debug_module/jtag_dtm_gen.u_sirv_jtag_dtm/stickyBusyReg_reg/C is not reached by a timing clock
Related violations: <none>

TIMING-17#98 Warning
Non-clocked sequential cell  
The clock pin dut/u_e203_subsys_top/u_sirv_debug_module/jtag_dtm_gen.u_sirv_jtag_dtm/u_jtag2debug_cdc_rx/buf_dat_dfflr/qout_r_reg[10]/C is not reached by a timing clock
Related violations: <none>

TIMING-17#99 Warning
Non-clocked sequential cell  
The clock pin dut/u_e203_subsys_top/u_sirv_debug_module/jtag_dtm_gen.u_sirv_jtag_dtm/u_jtag2debug_cdc_rx/buf_dat_dfflr/qout_r_reg[11]/C is not reached by a timing clock
Related violations: <none>

TIMING-17#100 Warning
Non-clocked sequential cell  
The clock pin dut/u_e203_subsys_top/u_sirv_debug_module/jtag_dtm_gen.u_sirv_jtag_dtm/u_jtag2debug_cdc_rx/buf_dat_dfflr/qout_r_reg[12]/C is not reached by a timing clock
Related violations: <none>

TIMING-17#101 Warning
Non-clocked sequential cell  
The clock pin dut/u_e203_subsys_top/u_sirv_debug_module/jtag_dtm_gen.u_sirv_jtag_dtm/u_jtag2debug_cdc_rx/buf_dat_dfflr/qout_r_reg[13]/C is not reached by a timing clock
Related violations: <none>

TIMING-17#102 Warning
Non-clocked sequential cell  
The clock pin dut/u_e203_subsys_top/u_sirv_debug_module/jtag_dtm_gen.u_sirv_jtag_dtm/u_jtag2debug_cdc_rx/buf_dat_dfflr/qout_r_reg[14]/C is not reached by a timing clock
Related violations: <none>

TIMING-17#103 Warning
Non-clocked sequential cell  
The clock pin dut/u_e203_subsys_top/u_sirv_debug_module/jtag_dtm_gen.u_sirv_jtag_dtm/u_jtag2debug_cdc_rx/buf_dat_dfflr/qout_r_reg[15]/C is not reached by a timing clock
Related violations: <none>

TIMING-17#104 Warning
Non-clocked sequential cell  
The clock pin dut/u_e203_subsys_top/u_sirv_debug_module/jtag_dtm_gen.u_sirv_jtag_dtm/u_jtag2debug_cdc_rx/buf_dat_dfflr/qout_r_reg[16]/C is not reached by a timing clock
Related violations: <none>

TIMING-17#105 Warning
Non-clocked sequential cell  
The clock pin dut/u_e203_subsys_top/u_sirv_debug_module/jtag_dtm_gen.u_sirv_jtag_dtm/u_jtag2debug_cdc_rx/buf_dat_dfflr/qout_r_reg[17]/C is not reached by a timing clock
Related violations: <none>

TIMING-17#106 Warning
Non-clocked sequential cell  
The clock pin dut/u_e203_subsys_top/u_sirv_debug_module/jtag_dtm_gen.u_sirv_jtag_dtm/u_jtag2debug_cdc_rx/buf_dat_dfflr/qout_r_reg[18]/C is not reached by a timing clock
Related violations: <none>

TIMING-17#107 Warning
Non-clocked sequential cell  
The clock pin dut/u_e203_subsys_top/u_sirv_debug_module/jtag_dtm_gen.u_sirv_jtag_dtm/u_jtag2debug_cdc_rx/buf_dat_dfflr/qout_r_reg[19]/C is not reached by a timing clock
Related violations: <none>

TIMING-17#108 Warning
Non-clocked sequential cell  
The clock pin dut/u_e203_subsys_top/u_sirv_debug_module/jtag_dtm_gen.u_sirv_jtag_dtm/u_jtag2debug_cdc_rx/buf_dat_dfflr/qout_r_reg[20]/C is not reached by a timing clock
Related violations: <none>

TIMING-17#109 Warning
Non-clocked sequential cell  
The clock pin dut/u_e203_subsys_top/u_sirv_debug_module/jtag_dtm_gen.u_sirv_jtag_dtm/u_jtag2debug_cdc_rx/buf_dat_dfflr/qout_r_reg[21]/C is not reached by a timing clock
Related violations: <none>

TIMING-17#110 Warning
Non-clocked sequential cell  
The clock pin dut/u_e203_subsys_top/u_sirv_debug_module/jtag_dtm_gen.u_sirv_jtag_dtm/u_jtag2debug_cdc_rx/buf_dat_dfflr/qout_r_reg[22]/C is not reached by a timing clock
Related violations: <none>

TIMING-17#111 Warning
Non-clocked sequential cell  
The clock pin dut/u_e203_subsys_top/u_sirv_debug_module/jtag_dtm_gen.u_sirv_jtag_dtm/u_jtag2debug_cdc_rx/buf_dat_dfflr/qout_r_reg[23]/C is not reached by a timing clock
Related violations: <none>

TIMING-17#112 Warning
Non-clocked sequential cell  
The clock pin dut/u_e203_subsys_top/u_sirv_debug_module/jtag_dtm_gen.u_sirv_jtag_dtm/u_jtag2debug_cdc_rx/buf_dat_dfflr/qout_r_reg[24]/C is not reached by a timing clock
Related violations: <none>

TIMING-17#113 Warning
Non-clocked sequential cell  
The clock pin dut/u_e203_subsys_top/u_sirv_debug_module/jtag_dtm_gen.u_sirv_jtag_dtm/u_jtag2debug_cdc_rx/buf_dat_dfflr/qout_r_reg[25]/C is not reached by a timing clock
Related violations: <none>

TIMING-17#114 Warning
Non-clocked sequential cell  
The clock pin dut/u_e203_subsys_top/u_sirv_debug_module/jtag_dtm_gen.u_sirv_jtag_dtm/u_jtag2debug_cdc_rx/buf_dat_dfflr/qout_r_reg[26]/C is not reached by a timing clock
Related violations: <none>

TIMING-17#115 Warning
Non-clocked sequential cell  
The clock pin dut/u_e203_subsys_top/u_sirv_debug_module/jtag_dtm_gen.u_sirv_jtag_dtm/u_jtag2debug_cdc_rx/buf_dat_dfflr/qout_r_reg[27]/C is not reached by a timing clock
Related violations: <none>

TIMING-17#116 Warning
Non-clocked sequential cell  
The clock pin dut/u_e203_subsys_top/u_sirv_debug_module/jtag_dtm_gen.u_sirv_jtag_dtm/u_jtag2debug_cdc_rx/buf_dat_dfflr/qout_r_reg[28]/C is not reached by a timing clock
Related violations: <none>

TIMING-17#117 Warning
Non-clocked sequential cell  
The clock pin dut/u_e203_subsys_top/u_sirv_debug_module/jtag_dtm_gen.u_sirv_jtag_dtm/u_jtag2debug_cdc_rx/buf_dat_dfflr/qout_r_reg[29]/C is not reached by a timing clock
Related violations: <none>

TIMING-17#118 Warning
Non-clocked sequential cell  
The clock pin dut/u_e203_subsys_top/u_sirv_debug_module/jtag_dtm_gen.u_sirv_jtag_dtm/u_jtag2debug_cdc_rx/buf_dat_dfflr/qout_r_reg[2]/C is not reached by a timing clock
Related violations: <none>

TIMING-17#119 Warning
Non-clocked sequential cell  
The clock pin dut/u_e203_subsys_top/u_sirv_debug_module/jtag_dtm_gen.u_sirv_jtag_dtm/u_jtag2debug_cdc_rx/buf_dat_dfflr/qout_r_reg[30]/C is not reached by a timing clock
Related violations: <none>

TIMING-17#120 Warning
Non-clocked sequential cell  
The clock pin dut/u_e203_subsys_top/u_sirv_debug_module/jtag_dtm_gen.u_sirv_jtag_dtm/u_jtag2debug_cdc_rx/buf_dat_dfflr/qout_r_reg[31]/C is not reached by a timing clock
Related violations: <none>

TIMING-17#121 Warning
Non-clocked sequential cell  
The clock pin dut/u_e203_subsys_top/u_sirv_debug_module/jtag_dtm_gen.u_sirv_jtag_dtm/u_jtag2debug_cdc_rx/buf_dat_dfflr/qout_r_reg[32]/C is not reached by a timing clock
Related violations: <none>

TIMING-17#122 Warning
Non-clocked sequential cell  
The clock pin dut/u_e203_subsys_top/u_sirv_debug_module/jtag_dtm_gen.u_sirv_jtag_dtm/u_jtag2debug_cdc_rx/buf_dat_dfflr/qout_r_reg[33]/C is not reached by a timing clock
Related violations: <none>

TIMING-17#123 Warning
Non-clocked sequential cell  
The clock pin dut/u_e203_subsys_top/u_sirv_debug_module/jtag_dtm_gen.u_sirv_jtag_dtm/u_jtag2debug_cdc_rx/buf_dat_dfflr/qout_r_reg[34]/C is not reached by a timing clock
Related violations: <none>

TIMING-17#124 Warning
Non-clocked sequential cell  
The clock pin dut/u_e203_subsys_top/u_sirv_debug_module/jtag_dtm_gen.u_sirv_jtag_dtm/u_jtag2debug_cdc_rx/buf_dat_dfflr/qout_r_reg[35]/C is not reached by a timing clock
Related violations: <none>

TIMING-17#125 Warning
Non-clocked sequential cell  
The clock pin dut/u_e203_subsys_top/u_sirv_debug_module/jtag_dtm_gen.u_sirv_jtag_dtm/u_jtag2debug_cdc_rx/buf_dat_dfflr/qout_r_reg[3]/C is not reached by a timing clock
Related violations: <none>

TIMING-17#126 Warning
Non-clocked sequential cell  
The clock pin dut/u_e203_subsys_top/u_sirv_debug_module/jtag_dtm_gen.u_sirv_jtag_dtm/u_jtag2debug_cdc_rx/buf_dat_dfflr/qout_r_reg[4]/C is not reached by a timing clock
Related violations: <none>

TIMING-17#127 Warning
Non-clocked sequential cell  
The clock pin dut/u_e203_subsys_top/u_sirv_debug_module/jtag_dtm_gen.u_sirv_jtag_dtm/u_jtag2debug_cdc_rx/buf_dat_dfflr/qout_r_reg[5]/C is not reached by a timing clock
Related violations: <none>

TIMING-17#128 Warning
Non-clocked sequential cell  
The clock pin dut/u_e203_subsys_top/u_sirv_debug_module/jtag_dtm_gen.u_sirv_jtag_dtm/u_jtag2debug_cdc_rx/buf_dat_dfflr/qout_r_reg[6]/C is not reached by a timing clock
Related violations: <none>

TIMING-17#129 Warning
Non-clocked sequential cell  
The clock pin dut/u_e203_subsys_top/u_sirv_debug_module/jtag_dtm_gen.u_sirv_jtag_dtm/u_jtag2debug_cdc_rx/buf_dat_dfflr/qout_r_reg[7]/C is not reached by a timing clock
Related violations: <none>

TIMING-17#130 Warning
Non-clocked sequential cell  
The clock pin dut/u_e203_subsys_top/u_sirv_debug_module/jtag_dtm_gen.u_sirv_jtag_dtm/u_jtag2debug_cdc_rx/buf_dat_dfflr/qout_r_reg[8]/C is not reached by a timing clock
Related violations: <none>

TIMING-17#131 Warning
Non-clocked sequential cell  
The clock pin dut/u_e203_subsys_top/u_sirv_debug_module/jtag_dtm_gen.u_sirv_jtag_dtm/u_jtag2debug_cdc_rx/buf_dat_dfflr/qout_r_reg[9]/C is not reached by a timing clock
Related violations: <none>

TIMING-17#132 Warning
Non-clocked sequential cell  
The clock pin dut/u_e203_subsys_top/u_sirv_debug_module/jtag_dtm_gen.u_sirv_jtag_dtm/u_jtag2debug_cdc_rx/buf_vld_dfflr/qout_r_reg[0]/C is not reached by a timing clock
Related violations: <none>

TIMING-17#133 Warning
Non-clocked sequential cell  
The clock pin dut/u_e203_subsys_top/u_sirv_debug_module/jtag_dtm_gen.u_sirv_jtag_dtm/u_jtag2debug_cdc_rx/i_rdy_dfflr/qout_r_reg[0]/C is not reached by a timing clock
Related violations: <none>

TIMING-17#134 Warning
Non-clocked sequential cell  
The clock pin dut/u_e203_subsys_top/u_sirv_debug_module/jtag_dtm_gen.u_sirv_jtag_dtm/u_jtag2debug_cdc_rx/i_vld_sync_dffr/qout_r_reg[0]/C is not reached by a timing clock
Related violations: <none>

TIMING-17#135 Warning
Non-clocked sequential cell  
The clock pin dut/u_e203_subsys_top/u_sirv_debug_module/jtag_dtm_gen.u_sirv_jtag_dtm/u_jtag2debug_cdc_rx/u_i_vld_sync/sync_gen[0].i_is_0.sync_dffr/qout_r_reg[0]/C is not reached by a timing clock
Related violations: <none>

TIMING-17#136 Warning
Non-clocked sequential cell  
The clock pin dut/u_e203_subsys_top/u_sirv_debug_module/jtag_dtm_gen.u_sirv_jtag_dtm/u_jtag2debug_cdc_rx/u_i_vld_sync/sync_gen[1].i_is_not_0.sync_dffr/qout_r_reg[0]/C is not reached by a timing clock
Related violations: <none>

TIMING-17#137 Warning
Non-clocked sequential cell  
The clock pin dut/u_e203_subsys_top/u_sirv_debug_module/jtag_dtm_gen.u_sirv_jtag_dtm/u_jtag2debug_cdc_tx/buf_nrdy_dfflr/qout_r_reg[0]/C is not reached by a timing clock
Related violations: <none>

TIMING-17#138 Warning
Non-clocked sequential cell  
The clock pin dut/u_e203_subsys_top/u_sirv_debug_module/jtag_dtm_gen.u_sirv_jtag_dtm/u_jtag2debug_cdc_tx/dat_dfflr/qout_r_reg[0]/C is not reached by a timing clock
Related violations: <none>

TIMING-17#139 Warning
Non-clocked sequential cell  
The clock pin dut/u_e203_subsys_top/u_sirv_debug_module/jtag_dtm_gen.u_sirv_jtag_dtm/u_jtag2debug_cdc_tx/dat_dfflr/qout_r_reg[10]/C is not reached by a timing clock
Related violations: <none>

TIMING-17#140 Warning
Non-clocked sequential cell  
The clock pin dut/u_e203_subsys_top/u_sirv_debug_module/jtag_dtm_gen.u_sirv_jtag_dtm/u_jtag2debug_cdc_tx/dat_dfflr/qout_r_reg[11]/C is not reached by a timing clock
Related violations: <none>

TIMING-17#141 Warning
Non-clocked sequential cell  
The clock pin dut/u_e203_subsys_top/u_sirv_debug_module/jtag_dtm_gen.u_sirv_jtag_dtm/u_jtag2debug_cdc_tx/dat_dfflr/qout_r_reg[12]/C is not reached by a timing clock
Related violations: <none>

TIMING-17#142 Warning
Non-clocked sequential cell  
The clock pin dut/u_e203_subsys_top/u_sirv_debug_module/jtag_dtm_gen.u_sirv_jtag_dtm/u_jtag2debug_cdc_tx/dat_dfflr/qout_r_reg[13]/C is not reached by a timing clock
Related violations: <none>

TIMING-17#143 Warning
Non-clocked sequential cell  
The clock pin dut/u_e203_subsys_top/u_sirv_debug_module/jtag_dtm_gen.u_sirv_jtag_dtm/u_jtag2debug_cdc_tx/dat_dfflr/qout_r_reg[14]/C is not reached by a timing clock
Related violations: <none>

TIMING-17#144 Warning
Non-clocked sequential cell  
The clock pin dut/u_e203_subsys_top/u_sirv_debug_module/jtag_dtm_gen.u_sirv_jtag_dtm/u_jtag2debug_cdc_tx/dat_dfflr/qout_r_reg[15]/C is not reached by a timing clock
Related violations: <none>

TIMING-17#145 Warning
Non-clocked sequential cell  
The clock pin dut/u_e203_subsys_top/u_sirv_debug_module/jtag_dtm_gen.u_sirv_jtag_dtm/u_jtag2debug_cdc_tx/dat_dfflr/qout_r_reg[16]/C is not reached by a timing clock
Related violations: <none>

TIMING-17#146 Warning
Non-clocked sequential cell  
The clock pin dut/u_e203_subsys_top/u_sirv_debug_module/jtag_dtm_gen.u_sirv_jtag_dtm/u_jtag2debug_cdc_tx/dat_dfflr/qout_r_reg[17]/C is not reached by a timing clock
Related violations: <none>

TIMING-17#147 Warning
Non-clocked sequential cell  
The clock pin dut/u_e203_subsys_top/u_sirv_debug_module/jtag_dtm_gen.u_sirv_jtag_dtm/u_jtag2debug_cdc_tx/dat_dfflr/qout_r_reg[18]/C is not reached by a timing clock
Related violations: <none>

TIMING-17#148 Warning
Non-clocked sequential cell  
The clock pin dut/u_e203_subsys_top/u_sirv_debug_module/jtag_dtm_gen.u_sirv_jtag_dtm/u_jtag2debug_cdc_tx/dat_dfflr/qout_r_reg[19]/C is not reached by a timing clock
Related violations: <none>

TIMING-17#149 Warning
Non-clocked sequential cell  
The clock pin dut/u_e203_subsys_top/u_sirv_debug_module/jtag_dtm_gen.u_sirv_jtag_dtm/u_jtag2debug_cdc_tx/dat_dfflr/qout_r_reg[1]/C is not reached by a timing clock
Related violations: <none>

TIMING-17#150 Warning
Non-clocked sequential cell  
The clock pin dut/u_e203_subsys_top/u_sirv_debug_module/jtag_dtm_gen.u_sirv_jtag_dtm/u_jtag2debug_cdc_tx/dat_dfflr/qout_r_reg[20]/C is not reached by a timing clock
Related violations: <none>

TIMING-17#151 Warning
Non-clocked sequential cell  
The clock pin dut/u_e203_subsys_top/u_sirv_debug_module/jtag_dtm_gen.u_sirv_jtag_dtm/u_jtag2debug_cdc_tx/dat_dfflr/qout_r_reg[21]/C is not reached by a timing clock
Related violations: <none>

TIMING-17#152 Warning
Non-clocked sequential cell  
The clock pin dut/u_e203_subsys_top/u_sirv_debug_module/jtag_dtm_gen.u_sirv_jtag_dtm/u_jtag2debug_cdc_tx/dat_dfflr/qout_r_reg[22]/C is not reached by a timing clock
Related violations: <none>

TIMING-17#153 Warning
Non-clocked sequential cell  
The clock pin dut/u_e203_subsys_top/u_sirv_debug_module/jtag_dtm_gen.u_sirv_jtag_dtm/u_jtag2debug_cdc_tx/dat_dfflr/qout_r_reg[23]/C is not reached by a timing clock
Related violations: <none>

TIMING-17#154 Warning
Non-clocked sequential cell  
The clock pin dut/u_e203_subsys_top/u_sirv_debug_module/jtag_dtm_gen.u_sirv_jtag_dtm/u_jtag2debug_cdc_tx/dat_dfflr/qout_r_reg[24]/C is not reached by a timing clock
Related violations: <none>

TIMING-17#155 Warning
Non-clocked sequential cell  
The clock pin dut/u_e203_subsys_top/u_sirv_debug_module/jtag_dtm_gen.u_sirv_jtag_dtm/u_jtag2debug_cdc_tx/dat_dfflr/qout_r_reg[25]/C is not reached by a timing clock
Related violations: <none>

TIMING-17#156 Warning
Non-clocked sequential cell  
The clock pin dut/u_e203_subsys_top/u_sirv_debug_module/jtag_dtm_gen.u_sirv_jtag_dtm/u_jtag2debug_cdc_tx/dat_dfflr/qout_r_reg[26]/C is not reached by a timing clock
Related violations: <none>

TIMING-17#157 Warning
Non-clocked sequential cell  
The clock pin dut/u_e203_subsys_top/u_sirv_debug_module/jtag_dtm_gen.u_sirv_jtag_dtm/u_jtag2debug_cdc_tx/dat_dfflr/qout_r_reg[27]/C is not reached by a timing clock
Related violations: <none>

TIMING-17#158 Warning
Non-clocked sequential cell  
The clock pin dut/u_e203_subsys_top/u_sirv_debug_module/jtag_dtm_gen.u_sirv_jtag_dtm/u_jtag2debug_cdc_tx/dat_dfflr/qout_r_reg[28]/C is not reached by a timing clock
Related violations: <none>

TIMING-17#159 Warning
Non-clocked sequential cell  
The clock pin dut/u_e203_subsys_top/u_sirv_debug_module/jtag_dtm_gen.u_sirv_jtag_dtm/u_jtag2debug_cdc_tx/dat_dfflr/qout_r_reg[29]/C is not reached by a timing clock
Related violations: <none>

TIMING-17#160 Warning
Non-clocked sequential cell  
The clock pin dut/u_e203_subsys_top/u_sirv_debug_module/jtag_dtm_gen.u_sirv_jtag_dtm/u_jtag2debug_cdc_tx/dat_dfflr/qout_r_reg[2]/C is not reached by a timing clock
Related violations: <none>

TIMING-17#161 Warning
Non-clocked sequential cell  
The clock pin dut/u_e203_subsys_top/u_sirv_debug_module/jtag_dtm_gen.u_sirv_jtag_dtm/u_jtag2debug_cdc_tx/dat_dfflr/qout_r_reg[30]/C is not reached by a timing clock
Related violations: <none>

TIMING-17#162 Warning
Non-clocked sequential cell  
The clock pin dut/u_e203_subsys_top/u_sirv_debug_module/jtag_dtm_gen.u_sirv_jtag_dtm/u_jtag2debug_cdc_tx/dat_dfflr/qout_r_reg[31]/C is not reached by a timing clock
Related violations: <none>

TIMING-17#163 Warning
Non-clocked sequential cell  
The clock pin dut/u_e203_subsys_top/u_sirv_debug_module/jtag_dtm_gen.u_sirv_jtag_dtm/u_jtag2debug_cdc_tx/dat_dfflr/qout_r_reg[32]/C is not reached by a timing clock
Related violations: <none>

TIMING-17#164 Warning
Non-clocked sequential cell  
The clock pin dut/u_e203_subsys_top/u_sirv_debug_module/jtag_dtm_gen.u_sirv_jtag_dtm/u_jtag2debug_cdc_tx/dat_dfflr/qout_r_reg[33]/C is not reached by a timing clock
Related violations: <none>

TIMING-17#165 Warning
Non-clocked sequential cell  
The clock pin dut/u_e203_subsys_top/u_sirv_debug_module/jtag_dtm_gen.u_sirv_jtag_dtm/u_jtag2debug_cdc_tx/dat_dfflr/qout_r_reg[34]/C is not reached by a timing clock
Related violations: <none>

TIMING-17#166 Warning
Non-clocked sequential cell  
The clock pin dut/u_e203_subsys_top/u_sirv_debug_module/jtag_dtm_gen.u_sirv_jtag_dtm/u_jtag2debug_cdc_tx/dat_dfflr/qout_r_reg[35]/C is not reached by a timing clock
Related violations: <none>

TIMING-17#167 Warning
Non-clocked sequential cell  
The clock pin dut/u_e203_subsys_top/u_sirv_debug_module/jtag_dtm_gen.u_sirv_jtag_dtm/u_jtag2debug_cdc_tx/dat_dfflr/qout_r_reg[36]/C is not reached by a timing clock
Related violations: <none>

TIMING-17#168 Warning
Non-clocked sequential cell  
The clock pin dut/u_e203_subsys_top/u_sirv_debug_module/jtag_dtm_gen.u_sirv_jtag_dtm/u_jtag2debug_cdc_tx/dat_dfflr/qout_r_reg[37]/C is not reached by a timing clock
Related violations: <none>

TIMING-17#169 Warning
Non-clocked sequential cell  
The clock pin dut/u_e203_subsys_top/u_sirv_debug_module/jtag_dtm_gen.u_sirv_jtag_dtm/u_jtag2debug_cdc_tx/dat_dfflr/qout_r_reg[38]/C is not reached by a timing clock
Related violations: <none>

TIMING-17#170 Warning
Non-clocked sequential cell  
The clock pin dut/u_e203_subsys_top/u_sirv_debug_module/jtag_dtm_gen.u_sirv_jtag_dtm/u_jtag2debug_cdc_tx/dat_dfflr/qout_r_reg[39]/C is not reached by a timing clock
Related violations: <none>

TIMING-17#171 Warning
Non-clocked sequential cell  
The clock pin dut/u_e203_subsys_top/u_sirv_debug_module/jtag_dtm_gen.u_sirv_jtag_dtm/u_jtag2debug_cdc_tx/dat_dfflr/qout_r_reg[3]/C is not reached by a timing clock
Related violations: <none>

TIMING-17#172 Warning
Non-clocked sequential cell  
The clock pin dut/u_e203_subsys_top/u_sirv_debug_module/jtag_dtm_gen.u_sirv_jtag_dtm/u_jtag2debug_cdc_tx/dat_dfflr/qout_r_reg[40]/C is not reached by a timing clock
Related violations: <none>

TIMING-17#173 Warning
Non-clocked sequential cell  
The clock pin dut/u_e203_subsys_top/u_sirv_debug_module/jtag_dtm_gen.u_sirv_jtag_dtm/u_jtag2debug_cdc_tx/dat_dfflr/qout_r_reg[4]/C is not reached by a timing clock
Related violations: <none>

TIMING-17#174 Warning
Non-clocked sequential cell  
The clock pin dut/u_e203_subsys_top/u_sirv_debug_module/jtag_dtm_gen.u_sirv_jtag_dtm/u_jtag2debug_cdc_tx/dat_dfflr/qout_r_reg[5]/C is not reached by a timing clock
Related violations: <none>

TIMING-17#175 Warning
Non-clocked sequential cell  
The clock pin dut/u_e203_subsys_top/u_sirv_debug_module/jtag_dtm_gen.u_sirv_jtag_dtm/u_jtag2debug_cdc_tx/dat_dfflr/qout_r_reg[6]/C is not reached by a timing clock
Related violations: <none>

TIMING-17#176 Warning
Non-clocked sequential cell  
The clock pin dut/u_e203_subsys_top/u_sirv_debug_module/jtag_dtm_gen.u_sirv_jtag_dtm/u_jtag2debug_cdc_tx/dat_dfflr/qout_r_reg[7]/C is not reached by a timing clock
Related violations: <none>

TIMING-17#177 Warning
Non-clocked sequential cell  
The clock pin dut/u_e203_subsys_top/u_sirv_debug_module/jtag_dtm_gen.u_sirv_jtag_dtm/u_jtag2debug_cdc_tx/dat_dfflr/qout_r_reg[8]/C is not reached by a timing clock
Related violations: <none>

TIMING-17#178 Warning
Non-clocked sequential cell  
The clock pin dut/u_e203_subsys_top/u_sirv_debug_module/jtag_dtm_gen.u_sirv_jtag_dtm/u_jtag2debug_cdc_tx/dat_dfflr/qout_r_reg[9]/C is not reached by a timing clock
Related violations: <none>

TIMING-17#179 Warning
Non-clocked sequential cell  
The clock pin dut/u_e203_subsys_top/u_sirv_debug_module/jtag_dtm_gen.u_sirv_jtag_dtm/u_jtag2debug_cdc_tx/o_rdy_sync_dffr/qout_r_reg[0]/C is not reached by a timing clock
Related violations: <none>

TIMING-17#180 Warning
Non-clocked sequential cell  
The clock pin dut/u_e203_subsys_top/u_sirv_debug_module/jtag_dtm_gen.u_sirv_jtag_dtm/u_jtag2debug_cdc_tx/u_o_rdy_sync/sync_gen[0].i_is_0.sync_dffr/qout_r_reg[0]/C is not reached by a timing clock
Related violations: <none>

TIMING-17#181 Warning
Non-clocked sequential cell  
The clock pin dut/u_e203_subsys_top/u_sirv_debug_module/jtag_dtm_gen.u_sirv_jtag_dtm/u_jtag2debug_cdc_tx/u_o_rdy_sync/sync_gen[1].i_is_not_0.sync_dffr/qout_r_reg[0]/C is not reached by a timing clock
Related violations: <none>

TIMING-17#182 Warning
Non-clocked sequential cell  
The clock pin dut/u_e203_subsys_top/u_sirv_debug_module/jtag_dtm_gen.u_sirv_jtag_dtm/u_jtag2debug_cdc_tx/vld_dfflr/qout_r_reg[0]/C is not reached by a timing clock
Related violations: <none>

TIMING-17#183 Warning
Non-clocked sequential cell  
The clock pin dut/u_e203_subsys_top/u_sirv_debug_module/u_jtag_ResetCatchAndSync_3_1/reset_n_catch_reg/reg_0/q_reg/C is not reached by a timing clock
Related violations: <none>

TIMING-17#184 Warning
Non-clocked sequential cell  
The clock pin dut/u_e203_subsys_top/u_sirv_debug_module/u_jtag_ResetCatchAndSync_3_1/reset_n_catch_reg/reg_1/q_reg/C is not reached by a timing clock
Related violations: <none>

TIMING-17#185 Warning
Non-clocked sequential cell  
The clock pin dut/u_e203_subsys_top/u_sirv_debug_module/u_jtag_ResetCatchAndSync_3_1/reset_n_catch_reg/reg_2/q_reg/C is not reached by a timing clock
Related violations: <none>

TIMING-18#1 Warning
Missing input or output delay  
An input delay is missing on fpga_rst relative to clock(s) sys_clk_pin
Related violations: <none>

TIMING-18#2 Warning
Missing input or output delay  
An input delay is missing on mcu_rst relative to clock(s) sys_clk_pin
Related violations: <none>

TIMING-18#3 Warning
Missing input or output delay  
An input delay is missing on mcu_wakeup relative to clock(s) sys_clk_pin
Related violations: <none>

TIMING-18#4 Warning
Missing input or output delay  
An input delay is missing on pmu_paden relative to clock(s) sys_clk_pin
Related violations: <none>

TIMING-18#5 Warning
Missing input or output delay  
An input delay is missing on pmu_padrst relative to clock(s) sys_clk_pin
Related violations: <none>

TIMING-20#1 Warning
Non-clocked latch  
The latch dut/u_e203_subsys_top/u_e203_subsys_main/u_e203_subsys_perips/u_perips_apb_uart0/fifo_tx_data_reg[0] cannot be properly analyzed as its control pin dut/u_e203_subsys_top/u_e203_subsys_main/u_e203_subsys_perips/u_perips_apb_uart0/fifo_tx_data_reg[0]/G is not reached by a timing clock
Related violations: <none>

TIMING-20#2 Warning
Non-clocked latch  
The latch dut/u_e203_subsys_top/u_e203_subsys_main/u_e203_subsys_perips/u_perips_apb_uart0/fifo_tx_data_reg[1] cannot be properly analyzed as its control pin dut/u_e203_subsys_top/u_e203_subsys_main/u_e203_subsys_perips/u_perips_apb_uart0/fifo_tx_data_reg[1]/G is not reached by a timing clock
Related violations: <none>

TIMING-20#3 Warning
Non-clocked latch  
The latch dut/u_e203_subsys_top/u_e203_subsys_main/u_e203_subsys_perips/u_perips_apb_uart0/fifo_tx_data_reg[2] cannot be properly analyzed as its control pin dut/u_e203_subsys_top/u_e203_subsys_main/u_e203_subsys_perips/u_perips_apb_uart0/fifo_tx_data_reg[2]/G is not reached by a timing clock
Related violations: <none>

TIMING-20#4 Warning
Non-clocked latch  
The latch dut/u_e203_subsys_top/u_e203_subsys_main/u_e203_subsys_perips/u_perips_apb_uart0/fifo_tx_data_reg[3] cannot be properly analyzed as its control pin dut/u_e203_subsys_top/u_e203_subsys_main/u_e203_subsys_perips/u_perips_apb_uart0/fifo_tx_data_reg[3]/G is not reached by a timing clock
Related violations: <none>

TIMING-20#5 Warning
Non-clocked latch  
The latch dut/u_e203_subsys_top/u_e203_subsys_main/u_e203_subsys_perips/u_perips_apb_uart0/fifo_tx_data_reg[4] cannot be properly analyzed as its control pin dut/u_e203_subsys_top/u_e203_subsys_main/u_e203_subsys_perips/u_perips_apb_uart0/fifo_tx_data_reg[4]/G is not reached by a timing clock
Related violations: <none>

TIMING-20#6 Warning
Non-clocked latch  
The latch dut/u_e203_subsys_top/u_e203_subsys_main/u_e203_subsys_perips/u_perips_apb_uart0/fifo_tx_data_reg[5] cannot be properly analyzed as its control pin dut/u_e203_subsys_top/u_e203_subsys_main/u_e203_subsys_perips/u_perips_apb_uart0/fifo_tx_data_reg[5]/G is not reached by a timing clock
Related violations: <none>

TIMING-20#7 Warning
Non-clocked latch  
The latch dut/u_e203_subsys_top/u_e203_subsys_main/u_e203_subsys_perips/u_perips_apb_uart0/fifo_tx_data_reg[6] cannot be properly analyzed as its control pin dut/u_e203_subsys_top/u_e203_subsys_main/u_e203_subsys_perips/u_perips_apb_uart0/fifo_tx_data_reg[6]/G is not reached by a timing clock
Related violations: <none>

TIMING-20#8 Warning
Non-clocked latch  
The latch dut/u_e203_subsys_top/u_e203_subsys_main/u_e203_subsys_perips/u_perips_apb_uart0/fifo_tx_data_reg[7] cannot be properly analyzed as its control pin dut/u_e203_subsys_top/u_e203_subsys_main/u_e203_subsys_perips/u_perips_apb_uart0/fifo_tx_data_reg[7]/G is not reached by a timing clock
Related violations: <none>

TIMING-20#9 Warning
Non-clocked latch  
The latch dut/u_e203_subsys_top/u_e203_subsys_main/u_e203_subsys_perips/u_perips_apb_uart1/fifo_tx_data_reg[0] cannot be properly analyzed as its control pin dut/u_e203_subsys_top/u_e203_subsys_main/u_e203_subsys_perips/u_perips_apb_uart1/fifo_tx_data_reg[0]/G is not reached by a timing clock
Related violations: <none>

TIMING-20#10 Warning
Non-clocked latch  
The latch dut/u_e203_subsys_top/u_e203_subsys_main/u_e203_subsys_perips/u_perips_apb_uart1/fifo_tx_data_reg[1] cannot be properly analyzed as its control pin dut/u_e203_subsys_top/u_e203_subsys_main/u_e203_subsys_perips/u_perips_apb_uart1/fifo_tx_data_reg[1]/G is not reached by a timing clock
Related violations: <none>

TIMING-20#11 Warning
Non-clocked latch  
The latch dut/u_e203_subsys_top/u_e203_subsys_main/u_e203_subsys_perips/u_perips_apb_uart1/fifo_tx_data_reg[2] cannot be properly analyzed as its control pin dut/u_e203_subsys_top/u_e203_subsys_main/u_e203_subsys_perips/u_perips_apb_uart1/fifo_tx_data_reg[2]/G is not reached by a timing clock
Related violations: <none>

TIMING-20#12 Warning
Non-clocked latch  
The latch dut/u_e203_subsys_top/u_e203_subsys_main/u_e203_subsys_perips/u_perips_apb_uart1/fifo_tx_data_reg[3] cannot be properly analyzed as its control pin dut/u_e203_subsys_top/u_e203_subsys_main/u_e203_subsys_perips/u_perips_apb_uart1/fifo_tx_data_reg[3]/G is not reached by a timing clock
Related violations: <none>

TIMING-20#13 Warning
Non-clocked latch  
The latch dut/u_e203_subsys_top/u_e203_subsys_main/u_e203_subsys_perips/u_perips_apb_uart1/fifo_tx_data_reg[4] cannot be properly analyzed as its control pin dut/u_e203_subsys_top/u_e203_subsys_main/u_e203_subsys_perips/u_perips_apb_uart1/fifo_tx_data_reg[4]/G is not reached by a timing clock
Related violations: <none>

TIMING-20#14 Warning
Non-clocked latch  
The latch dut/u_e203_subsys_top/u_e203_subsys_main/u_e203_subsys_perips/u_perips_apb_uart1/fifo_tx_data_reg[5] cannot be properly analyzed as its control pin dut/u_e203_subsys_top/u_e203_subsys_main/u_e203_subsys_perips/u_perips_apb_uart1/fifo_tx_data_reg[5]/G is not reached by a timing clock
Related violations: <none>

TIMING-20#15 Warning
Non-clocked latch  
The latch dut/u_e203_subsys_top/u_e203_subsys_main/u_e203_subsys_perips/u_perips_apb_uart1/fifo_tx_data_reg[6] cannot be properly analyzed as its control pin dut/u_e203_subsys_top/u_e203_subsys_main/u_e203_subsys_perips/u_perips_apb_uart1/fifo_tx_data_reg[6]/G is not reached by a timing clock
Related violations: <none>

TIMING-20#16 Warning
Non-clocked latch  
The latch dut/u_e203_subsys_top/u_e203_subsys_main/u_e203_subsys_perips/u_perips_apb_uart1/fifo_tx_data_reg[7] cannot be properly analyzed as its control pin dut/u_e203_subsys_top/u_e203_subsys_main/u_e203_subsys_perips/u_perips_apb_uart1/fifo_tx_data_reg[7]/G is not reached by a timing clock
Related violations: <none>

TIMING-20#17 Warning
Non-clocked latch  
The latch dut/u_e203_subsys_top/u_e203_subsys_main/u_e203_subsys_perips/u_perips_apb_uart2/fifo_tx_data_reg[0] cannot be properly analyzed as its control pin dut/u_e203_subsys_top/u_e203_subsys_main/u_e203_subsys_perips/u_perips_apb_uart2/fifo_tx_data_reg[0]/G is not reached by a timing clock
Related violations: <none>

TIMING-20#18 Warning
Non-clocked latch  
The latch dut/u_e203_subsys_top/u_e203_subsys_main/u_e203_subsys_perips/u_perips_apb_uart2/fifo_tx_data_reg[1] cannot be properly analyzed as its control pin dut/u_e203_subsys_top/u_e203_subsys_main/u_e203_subsys_perips/u_perips_apb_uart2/fifo_tx_data_reg[1]/G is not reached by a timing clock
Related violations: <none>

TIMING-20#19 Warning
Non-clocked latch  
The latch dut/u_e203_subsys_top/u_e203_subsys_main/u_e203_subsys_perips/u_perips_apb_uart2/fifo_tx_data_reg[2] cannot be properly analyzed as its control pin dut/u_e203_subsys_top/u_e203_subsys_main/u_e203_subsys_perips/u_perips_apb_uart2/fifo_tx_data_reg[2]/G is not reached by a timing clock
Related violations: <none>

TIMING-20#20 Warning
Non-clocked latch  
The latch dut/u_e203_subsys_top/u_e203_subsys_main/u_e203_subsys_perips/u_perips_apb_uart2/fifo_tx_data_reg[3] cannot be properly analyzed as its control pin dut/u_e203_subsys_top/u_e203_subsys_main/u_e203_subsys_perips/u_perips_apb_uart2/fifo_tx_data_reg[3]/G is not reached by a timing clock
Related violations: <none>

TIMING-20#21 Warning
Non-clocked latch  
The latch dut/u_e203_subsys_top/u_e203_subsys_main/u_e203_subsys_perips/u_perips_apb_uart2/fifo_tx_data_reg[4] cannot be properly analyzed as its control pin dut/u_e203_subsys_top/u_e203_subsys_main/u_e203_subsys_perips/u_perips_apb_uart2/fifo_tx_data_reg[4]/G is not reached by a timing clock
Related violations: <none>

TIMING-20#22 Warning
Non-clocked latch  
The latch dut/u_e203_subsys_top/u_e203_subsys_main/u_e203_subsys_perips/u_perips_apb_uart2/fifo_tx_data_reg[5] cannot be properly analyzed as its control pin dut/u_e203_subsys_top/u_e203_subsys_main/u_e203_subsys_perips/u_perips_apb_uart2/fifo_tx_data_reg[5]/G is not reached by a timing clock
Related violations: <none>

TIMING-20#23 Warning
Non-clocked latch  
The latch dut/u_e203_subsys_top/u_e203_subsys_main/u_e203_subsys_perips/u_perips_apb_uart2/fifo_tx_data_reg[6] cannot be properly analyzed as its control pin dut/u_e203_subsys_top/u_e203_subsys_main/u_e203_subsys_perips/u_perips_apb_uart2/fifo_tx_data_reg[6]/G is not reached by a timing clock
Related violations: <none>

TIMING-20#24 Warning
Non-clocked latch  
The latch dut/u_e203_subsys_top/u_e203_subsys_main/u_e203_subsys_perips/u_perips_apb_uart2/fifo_tx_data_reg[7] cannot be properly analyzed as its control pin dut/u_e203_subsys_top/u_e203_subsys_main/u_e203_subsys_perips/u_perips_apb_uart2/fifo_tx_data_reg[7]/G is not reached by a timing clock
Related violations: <none>

XDCC-4#1 Warning
User Clock constraint overwritten with the same name  
A new clock constraint create_clock overrides a previous user clock constraint with the same name.
New: create_clock -period 30517.580 -name sys_clk_pin -waveform {0.000 15258.790} -add [get_ports CLK32768KHZ] (Source: D:/FPGA/e203_ecgV0.2/e203_ecg1/e203_ecg/constrs/nuclei-master.xdc (Line: 12))
Previous: create_clock -period 40.000 -name sys_clk_pin -waveform {0.000 20.000} -add [get_ports CLK100MHZ] (Source: D:/FPGA/e203_ecgV0.2/e203_ecg1/e203_ecg/constrs/nuclei-master.xdc (Line: 9))
Related violations: <none>


